2025-10-23 19:58:17,777 | ERROR | restaurant_app | execute_query:2342 | Database operational error: no such table: users
2025-10-23 19:58:17,780 | ERROR | restaurant_app | execute_query:2342 | Database operational error: no such table: staff
2025-10-23 19:58:17,781 | ERROR | restaurant_app | execute_query:2342 | Database operational error: no such table: couriers
2025-10-23 19:58:38,135 | ERROR | restaurant_app | execute_query:2342 | Database operational error: no such table: users
2025-10-23 19:58:38,137 | ERROR | restaurant_app | execute_query:2342 | Database operational error: no such table: staff
2025-10-23 19:58:38,138 | ERROR | restaurant_app | execute_query:2342 | Database operational error: no such table: couriers
2025-10-23 19:58:42,783 | ERROR | restaurant_app | execute_query:2342 | Database operational error: no such table: menu_items
2025-10-23 19:58:42,783 | ERROR | restaurant_app | menu:6947 | Menu endpoint error: no such table: menu_items
2025-10-23 19:58:42,783 | ERROR | restaurant_app | execute_query:2342 | Database operational error: no such table: menu_items
2025-10-23 19:58:42,783 | ERROR | restaurant_app | menu:6977 | Menu fallback error: no such table: menu_items
2025-10-23 20:02:36,059 | ERROR | restaurant_app | execute_query:2342 | Database operational error: no such table: users
2025-10-23 20:02:36,060 | ERROR | restaurant_app | execute_query:2342 | Database operational error: no such table: staff
2025-10-23 20:02:36,061 | ERROR | restaurant_app | execute_query:2342 | Database operational error: no such table: couriers
2025-10-23 20:02:55,975 | ERROR | restaurant_app | execute_query:2342 | Database operational error: no such table: menu_items
2025-10-23 20:02:55,975 | ERROR | restaurant_app | menu:6947 | Menu endpoint error: no such table: menu_items
2025-10-23 20:02:55,975 | ERROR | restaurant_app | execute_query:2342 | Database operational error: no such table: menu_items
2025-10-23 20:02:55,983 | ERROR | restaurant_app | menu:6977 | Menu fallback error: no such table: menu_items
2025-10-23 20:21:44,724 | ERROR | restaurant_app | execute_query:2342 | Database operational error: no such table: menu_items
2025-10-23 20:21:44,727 | ERROR | restaurant_app | menu:6947 | Menu endpoint error: no such table: menu_items
2025-10-23 20:21:44,728 | ERROR | restaurant_app | execute_query:2342 | Database operational error: no such table: menu_items
2025-10-23 20:21:44,729 | ERROR | restaurant_app | menu:6977 | Menu fallback error: no such table: menu_items
2025-10-23 20:24:14,771 | ERROR | restaurant_app | execute_query:2342 | Database operational error: no such table: users
2025-10-23 20:24:14,771 | ERROR | restaurant_app | execute_query:2342 | Database operational error: no such table: staff
2025-10-23 20:24:14,771 | ERROR | restaurant_app | execute_query:2342 | Database operational error: no such table: couriers
2025-10-23 20:24:39,460 | ERROR | restaurant_app | execute_query:2342 | Database operational error: no such table: menu_items
2025-10-23 20:24:39,460 | ERROR | restaurant_app | menu:6947 | Menu endpoint error: no such table: menu_items
2025-10-23 20:24:39,460 | ERROR | restaurant_app | execute_query:2342 | Database operational error: no such table: menu_items
2025-10-23 20:24:39,460 | ERROR | restaurant_app | menu:6977 | Menu fallback error: no such table: menu_items
2025-10-23 20:24:55,922 | ERROR | restaurant_app | news_page:12569 | News page error: expected token ',', got 'for'
2025-10-23 20:25:03,101 | ERROR | restaurant_app | execute_query:2342 | Database operational error: no such table: menu_items
2025-10-23 20:25:03,103 | ERROR | restaurant_app | product_detail:7146 | product_detail error for id=33: no such table: menu_items
2025-10-23 20:25:29,909 | ERROR | restaurant_app | execute_query:2342 | Database operational error: no such table: users
2025-10-23 20:25:29,910 | ERROR | restaurant_app | handle_exception:1496 | Unhandled exception: no such table: users - URL: http://localhost:5000/login_page
2025-10-23 20:25:29,910 | ERROR | restaurant_app | handle_exception:1498 | Full traceback:
Traceback (most recent call last):
  File "C:\Users\Moxir_Coder\AppData\Local\Programs\Python\Python311\Lib\site-packages\flask\app.py", line 917, in full_dispatch_request
    rv = self.dispatch_request()
         ^^^^^^^^^^^^^^^^^^^^^^^
  File "C:\Users\Moxir_Coder\AppData\Local\Programs\Python\Python311\Lib\site-packages\flask\app.py", line 902, in dispatch_request
    return self.ensure_sync(self.view_functions[rule.endpoint])(**view_args)  # type: ignore[no-any-return]
           ^^^^^^^^^^^^^^^^^^^^^^^^^^^^^^^^^^^^^^^^^^^^^^^^^^^^^^^^^^^^^^^^^
  File "C:\Users\Moxir_Coder\OneDrive\Desktop\Pro-Obuv1\app.py", line 12299, in login_page
    user = execute_query(
           ^^^^^^^^^^^^^^
  File "C:\Users\Moxir_Coder\OneDrive\Desktop\Pro-Obuv1\app.py", line 2343, in execute_query
    raise e
  File "C:\Users\Moxir_Coder\OneDrive\Desktop\Pro-Obuv1\app.py", line 2253, in execute_query
    cur.execute(query, params)
sqlite3.OperationalError: no such table: users

2025-10-23 20:29:13,565 | ERROR | restaurant_app | execute_query:2342 | Database operational error: no such table: users
2025-10-23 20:29:13,567 | ERROR | restaurant_app | execute_query:2342 | Database operational error: no such table: staff
2025-10-23 20:29:13,568 | ERROR | restaurant_app | execute_query:2342 | Database operational error: no such table: couriers
2025-10-23 20:29:13,646 | ERROR | restaurant_app | safe_init_database:4068 | Ma'lumotlar bazasini ishga tushirishda xatolik: FOREIGN KEY constraint failed
2025-10-23 20:35:37,920 | ERROR | restaurant_app | safe_init_database:4094 | Ma'lumotlar bazasini ishga tushirishda xatolik: table branches has no column named accepts_international
2025-10-23 20:38:43,203 | ERROR | restaurant_app | safe_init_database:4094 | Ma'lumotlar bazasini ishga tushirishda xatolik: table payment_cards has no column named card_name
2025-10-23 20:43:05,084 | ERROR | restaurant_app | news_page:12569 | News page error: expected token ',', got 'for'
2025-10-23 20:43:07,389 | ERROR | restaurant_app | news_page:12569 | News page error: expected token ',', got 'for'
2025-10-23 20:43:35,442 | ERROR | restaurant_app | execute_query:2342 | Database operational error: no such table: product_marketplaces
2025-10-23 20:44:24,190 | ERROR | restaurant_app | news_page:12639 | News page error: expected token ',', got 'for'
2025-10-23 20:47:33,521 | ERROR | restaurant_app | api_super_admin_export_staff:6366 | export-staff error: name 'pd' is not defined
2025-10-23 20:47:44,379 | ERROR | restaurant_app | api_super_admin_export_report:6272 | export-report error: name 'pd' is not defined - body_preview: b'{"branches":[],"customers":[],"products":[],"sales":[],"staff":[],"summary":{"avg_check":0,"growth_rate":0,"new_customers":1,"total_orders":0,"total_revenue":0}}'
2025-10-23 20:48:20,402 | ERROR | restaurant_app | news_page:12639 | News page error: expected token ',', got 'for'
2025-10-23 23:30:26,147 | ERROR | restaurant_app | news_page:12663 | News page error: expected token ',', got 'for'
2025-10-24 16:20:56,707 | ERROR | restaurant_app | product_detail:7238 | product_detail error for id=39: Encountered unknown tag 'continue'. Jinja was looking for the following tags: 'elif' or 'else' or 'endif'. The innermost block that needs to be closed is 'if'.
2025-10-24 16:20:59,739 | ERROR | restaurant_app | product_detail:7238 | product_detail error for id=39: Encountered unknown tag 'continue'. Jinja was looking for the following tags: 'elif' or 'else' or 'endif'. The innermost block that needs to be closed is 'if'.
2025-10-25 18:33:56,732 | ERROR | restaurant_app | menu:7143 | Menu endpoint error: 'type object' has no attribute 'get'
2025-10-25 18:33:56,734 | ERROR | restaurant_app | menu:7173 | Menu fallback error: 'type object' has no attribute 'get'
2025-10-25 18:34:14,468 | ERROR | restaurant_app | handle_exception:1600 | Unhandled exception: 'type object' has no attribute 'get' - URL: http://localhost:5000/super-admin-master-login-z9x4m
2025-10-25 18:34:14,583 | ERROR | restaurant_app | handle_exception:1602 | Full traceback:
Traceback (most recent call last):
  File "C:\Users\Moxir_Coder\AppData\Local\Programs\Python\Python311\Lib\site-packages\flask\app.py", line 917, in full_dispatch_request
    rv = self.dispatch_request()
         ^^^^^^^^^^^^^^^^^^^^^^^
  File "C:\Users\Moxir_Coder\AppData\Local\Programs\Python\Python311\Lib\site-packages\flask\app.py", line 902, in dispatch_request
    return self.ensure_sync(self.view_functions[rule.endpoint])(**view_args)  # type: ignore[no-any-return]
           ^^^^^^^^^^^^^^^^^^^^^^^^^^^^^^^^^^^^^^^^^^^^^^^^^^^^^^^^^^^^^^^^^
  File "C:\Users\Moxir_Coder\OneDrive\Desktop\Pro-Obuv1\app.py", line 13224, in super_admin_login
    return render_template("super_admin_login.html")
           ^^^^^^^^^^^^^^^^^^^^^^^^^^^^^^^^^^^^^^^^^
  File "C:\Users\Moxir_Coder\AppData\Local\Programs\Python\Python311\Lib\site-packages\flask\templating.py", line 150, in render_template
    return _render(app, template, context)
           ^^^^^^^^^^^^^^^^^^^^^^^^^^^^^^^
  File "C:\Users\Moxir_Coder\AppData\Local\Programs\Python\Python311\Lib\site-packages\flask\templating.py", line 131, in _render
    rv = template.render(context)
         ^^^^^^^^^^^^^^^^^^^^^^^^
  File "C:\Users\Moxir_Coder\AppData\Local\Programs\Python\Python311\Lib\site-packages\jinja2\environment.py", line 1295, in render
    self.environment.handle_exception()
  File "C:\Users\Moxir_Coder\AppData\Local\Programs\Python\Python311\Lib\site-packages\jinja2\environment.py", line 942, in handle_exception
    raise rewrite_traceback_stack(source=source)
  File "C:\Users\Moxir_Coder\OneDrive\Desktop\Pro-Obuv1\templates\super_admin_login.html", line 2, in top-level template code
    {% extends "base.html" %}
  File "C:\Users\Moxir_Coder\OneDrive\Desktop\Pro-Obuv1\templates\base.html", line 571, in top-level template code
    {% block head %} {% set yandex_key = (config.get('YANDEX_MAPS_API') or '') %}
    ^^^^^^^^^^^^^^^^^^^^^^^^^
  File "C:\Users\Moxir_Coder\OneDrive\Desktop\Pro-Obuv1\templates\base.html", line 571, in block 'head'
    {% block head %} {% set yandex_key = (config.get('YANDEX_MAPS_API') or '') %}
    ^^^^^^^^^^^^^^^^^^^^^^^^^
  File "C:\Users\Moxir_Coder\AppData\Local\Programs\Python\Python311\Lib\site-packages\jinja2\utils.py", line 92, in from_obj
    if hasattr(obj, "jinja_pass_arg"):
       ^^^^^^^^^^^^^^^^^^^^^^^^^^^^^^
jinja2.exceptions.UndefinedError: 'type object' has no attribute 'get'

2025-10-25 18:49:53,101 | ERROR | restaurant_app | handle_exception:1600 | Unhandled exception: 'type object' has no attribute 'get' - URL: http://localhost:5000/super-admin-master-login-z9x4m
2025-10-25 18:49:53,526 | ERROR | restaurant_app | handle_exception:1602 | Full traceback:
Traceback (most recent call last):
  File "C:\Users\Moxir_Coder\AppData\Local\Programs\Python\Python311\Lib\site-packages\flask\app.py", line 917, in full_dispatch_request
    rv = self.dispatch_request()
         ^^^^^^^^^^^^^^^^^^^^^^^
  File "C:\Users\Moxir_Coder\AppData\Local\Programs\Python\Python311\Lib\site-packages\flask\app.py", line 902, in dispatch_request
    return self.ensure_sync(self.view_functions[rule.endpoint])(**view_args)  # type: ignore[no-any-return]
           ^^^^^^^^^^^^^^^^^^^^^^^^^^^^^^^^^^^^^^^^^^^^^^^^^^^^^^^^^^^^^^^^^
  File "C:\Users\Moxir_Coder\OneDrive\Desktop\Pro-Obuv1\app.py", line 13224, in super_admin_login
    return render_template("super_admin_login.html")
           ^^^^^^^^^^^^^^^^^^^^^^^^^^^^^^^^^^^^^^^^^
  File "C:\Users\Moxir_Coder\AppData\Local\Programs\Python\Python311\Lib\site-packages\flask\templating.py", line 150, in render_template
    return _render(app, template, context)
           ^^^^^^^^^^^^^^^^^^^^^^^^^^^^^^^
  File "C:\Users\Moxir_Coder\AppData\Local\Programs\Python\Python311\Lib\site-packages\flask\templating.py", line 131, in _render
    rv = template.render(context)
         ^^^^^^^^^^^^^^^^^^^^^^^^
  File "C:\Users\Moxir_Coder\AppData\Local\Programs\Python\Python311\Lib\site-packages\jinja2\environment.py", line 1295, in render
    self.environment.handle_exception()
  File "C:\Users\Moxir_Coder\AppData\Local\Programs\Python\Python311\Lib\site-packages\jinja2\environment.py", line 942, in handle_exception
    raise rewrite_traceback_stack(source=source)
  File "C:\Users\Moxir_Coder\OneDrive\Desktop\Pro-Obuv1\templates\super_admin_login.html", line 2, in top-level template code
    {% extends "base.html" %}
  File "C:\Users\Moxir_Coder\OneDrive\Desktop\Pro-Obuv1\templates\base.html", line 571, in top-level template code
    {% block head %} {% set yandex_key = (config.get('YANDEX_MAPS_API') or '') %}
    ^^^^^^^^^^^^^^^^^^^^^^^^^
  File "C:\Users\Moxir_Coder\OneDrive\Desktop\Pro-Obuv1\templates\base.html", line 571, in block 'head'
    {% block head %} {% set yandex_key = (config.get('YANDEX_MAPS_API') or '') %}
    ^^^^^^^^^^^^^^^^^^^^^^^^^
  File "C:\Users\Moxir_Coder\AppData\Local\Programs\Python\Python311\Lib\site-packages\jinja2\utils.py", line 92, in from_obj
    if hasattr(obj, "jinja_pass_arg"):
       ^^^^^^^^^^^^^^^^^^^^^^^^^^^^^^
jinja2.exceptions.UndefinedError: 'type object' has no attribute 'get'

2025-10-25 18:50:02,743 | ERROR | restaurant_app | handle_exception:1600 | Unhandled exception: 'type object' has no attribute 'get' - URL: http://localhost:5000/super-admin-master-login-z9x4m
2025-10-25 18:50:02,761 | ERROR | restaurant_app | handle_exception:1602 | Full traceback:
Traceback (most recent call last):
  File "C:\Users\Moxir_Coder\AppData\Local\Programs\Python\Python311\Lib\site-packages\flask\app.py", line 917, in full_dispatch_request
    rv = self.dispatch_request()
         ^^^^^^^^^^^^^^^^^^^^^^^
  File "C:\Users\Moxir_Coder\AppData\Local\Programs\Python\Python311\Lib\site-packages\flask\app.py", line 902, in dispatch_request
    return self.ensure_sync(self.view_functions[rule.endpoint])(**view_args)  # type: ignore[no-any-return]
           ^^^^^^^^^^^^^^^^^^^^^^^^^^^^^^^^^^^^^^^^^^^^^^^^^^^^^^^^^^^^^^^^^
  File "C:\Users\Moxir_Coder\OneDrive\Desktop\Pro-Obuv1\app.py", line 13224, in super_admin_login
    return render_template("super_admin_login.html")
           ^^^^^^^^^^^^^^^^^^^^^^^^^^^^^^^^^^^^^^^^^
  File "C:\Users\Moxir_Coder\AppData\Local\Programs\Python\Python311\Lib\site-packages\flask\templating.py", line 150, in render_template
    return _render(app, template, context)
           ^^^^^^^^^^^^^^^^^^^^^^^^^^^^^^^
  File "C:\Users\Moxir_Coder\AppData\Local\Programs\Python\Python311\Lib\site-packages\flask\templating.py", line 131, in _render
    rv = template.render(context)
         ^^^^^^^^^^^^^^^^^^^^^^^^
  File "C:\Users\Moxir_Coder\AppData\Local\Programs\Python\Python311\Lib\site-packages\jinja2\environment.py", line 1295, in render
    self.environment.handle_exception()
  File "C:\Users\Moxir_Coder\AppData\Local\Programs\Python\Python311\Lib\site-packages\jinja2\environment.py", line 942, in handle_exception
    raise rewrite_traceback_stack(source=source)
  File "C:\Users\Moxir_Coder\OneDrive\Desktop\Pro-Obuv1\templates\super_admin_login.html", line 2, in top-level template code
    {% extends "base.html" %}
  File "C:\Users\Moxir_Coder\OneDrive\Desktop\Pro-Obuv1\templates\base.html", line 571, in top-level template code
    {% block head %} {% set yandex_key = (config.get('YANDEX_MAPS_API') or '') %}
    ^^^^^^^^^^^^^^^^^^^^^^^^^
  File "C:\Users\Moxir_Coder\OneDrive\Desktop\Pro-Obuv1\templates\base.html", line 571, in block 'head'
    {% block head %} {% set yandex_key = (config.get('YANDEX_MAPS_API') or '') %}
    ^^^^^^^^^^^^^^^^^^^^^^^^^
  File "C:\Users\Moxir_Coder\AppData\Local\Programs\Python\Python311\Lib\site-packages\jinja2\utils.py", line 92, in from_obj
    if hasattr(obj, "jinja_pass_arg"):
       ^^^^^^^^^^^^^^^^^^^^^^^^^^^^^^
jinja2.exceptions.UndefinedError: 'type object' has no attribute 'get'

2025-10-25 21:38:33,331 | ERROR | app | load_news_data:62 | Error loading news data: Extra data: line 3 column 1 (char 4)
2025-10-25 21:38:33,331 | ERROR | app | load_news_data:62 | Error loading news data: Extra data: line 3 column 1 (char 4)
2025-10-25 21:38:33,693 | ERROR | app | load_news_data:62 | Error loading news data: Extra data: line 3 column 1 (char 4)
2025-10-25 21:38:33,693 | ERROR | app | load_news_data:62 | Error loading news data: Extra data: line 3 column 1 (char 4)
2025-10-25 21:38:34,052 | ERROR | app | load_news_data:62 | Error loading news data: Extra data: line 3 column 1 (char 4)
2025-10-25 21:38:34,052 | ERROR | app | load_news_data:62 | Error loading news data: Extra data: line 3 column 1 (char 4)
2025-10-25 21:38:34,667 | ERROR | app | load_news_data:62 | Error loading news data: Extra data: line 3 column 1 (char 4)
2025-10-25 21:38:34,667 | ERROR | app | load_news_data:62 | Error loading news data: Extra data: line 3 column 1 (char 4)
2025-10-25 21:54:40,572 | ERROR | app | load_news_data:62 | Error loading news data: Expecting property name enclosed in double quotes: line 18 column 7 (char 1466)
2025-10-25 21:54:40,572 | ERROR | app | load_news_data:62 | Error loading news data: Expecting property name enclosed in double quotes: line 18 column 7 (char 1466)
2025-10-25 21:54:40,794 | ERROR | app | load_news_data:62 | Error loading news data: Expecting property name enclosed in double quotes: line 18 column 7 (char 1466)
2025-10-25 21:54:40,794 | ERROR | app | load_news_data:62 | Error loading news data: Expecting property name enclosed in double quotes: line 18 column 7 (char 1466)
2025-10-25 21:54:40,866 | ERROR | app | load_news_data:62 | Error loading news data: Expecting property name enclosed in double quotes: line 18 column 7 (char 1466)
2025-10-25 21:54:40,866 | ERROR | app | load_news_data:62 | Error loading news data: Expecting property name enclosed in double quotes: line 18 column 7 (char 1466)
2025-10-25 21:54:41,163 | ERROR | app | load_news_data:62 | Error loading news data: Expecting property name enclosed in double quotes: line 18 column 7 (char 1466)
2025-10-25 21:54:41,163 | ERROR | app | load_news_data:62 | Error loading news data: Expecting property name enclosed in double quotes: line 18 column 7 (char 1466)
2025-10-25 22:09:34,066 | ERROR | restaurant_app | execute_query:2448 | Database operational error: table chat_messages has no column named source
2025-10-25 22:09:34,073 | ERROR | restaurant_app | execute_query:2448 | Database operational error: table chat_messages has no column named source
2025-10-25 22:09:37,437 | ERROR | restaurant_app | execute_query:2448 | Database operational error: table chat_messages has no column named source
2025-10-25 22:09:37,438 | ERROR | restaurant_app | execute_query:2448 | Database operational error: table chat_messages has no column named source
2025-10-25 22:09:48,013 | ERROR | restaurant_app | execute_query:2448 | Database operational error: table chat_messages has no column named source
2025-10-25 22:09:48,013 | ERROR | restaurant_app | execute_query:2448 | Database operational error: table chat_messages has no column named source
2025-10-26 12:41:05,672 | ERROR | restaurant_app | handle_exception:1602 | Unhandled exception: Could not build url for endpoint 'super_admin_forgot'. Did you mean 'super_admin_logout' instead? - URL: http://127.0.0.1:5000/super-admin-master-login-z9x4m
2025-10-26 12:41:05,976 | ERROR | restaurant_app | handle_exception:1604 | Full traceback:
Traceback (most recent call last):
  File "C:\Users\Moxir_Coder\AppData\Local\Programs\Python\Python311\Lib\site-packages\flask\app.py", line 917, in full_dispatch_request
    rv = self.dispatch_request()
         ^^^^^^^^^^^^^^^^^^^^^^^
  File "C:\Users\Moxir_Coder\AppData\Local\Programs\Python\Python311\Lib\site-packages\flask\app.py", line 902, in dispatch_request
    return self.ensure_sync(self.view_functions[rule.endpoint])(**view_args)  # type: ignore[no-any-return]
           ^^^^^^^^^^^^^^^^^^^^^^^^^^^^^^^^^^^^^^^^^^^^^^^^^^^^^^^^^^^^^^^^^
  File "c:\Users\Moxir_Coder\OneDrive\Desktop\Pro-Obuv1\app.py", line 13226, in super_admin_login
    session["user_name"] = name
  File "C:\Users\Moxir_Coder\AppData\Local\Programs\Python\Python311\Lib\site-packages\flask\templating.py", line 150, in render_template
    return _render(app, template, context)
           ^^^^^^^^^^^^^^^^^^^^^^^^^^^^^^^
  File "C:\Users\Moxir_Coder\AppData\Local\Programs\Python\Python311\Lib\site-packages\flask\templating.py", line 131, in _render
    rv = template.render(context)
         ^^^^^^^^^^^^^^^^^^^^^^^^
  File "C:\Users\Moxir_Coder\AppData\Local\Programs\Python\Python311\Lib\site-packages\jinja2\environment.py", line 1295, in render
    self.environment.handle_exception()
  File "C:\Users\Moxir_Coder\AppData\Local\Programs\Python\Python311\Lib\site-packages\jinja2\environment.py", line 942, in handle_exception
    raise rewrite_traceback_stack(source=source)
  File "c:\Users\Moxir_Coder\OneDrive\Desktop\Pro-Obuv1\templates\super_admin_login.html", line 1, in top-level template code
    {% extends "base.html" %} {% block title %}Super Admin Login{% endblock %} {%
    ^^^^^^^^^^^^^^^^^^^^^^^^^
  File "c:\Users\Moxir_Coder\OneDrive\Desktop\Pro-Obuv1\templates\base.html", line 1468, in top-level template code
    {% endif %} {% endwith %} {% block content %}{% endblock %}
    ^^^^^^^^^^^^^^^^^^^^^^^^^
  File "c:\Users\Moxir_Coder\OneDrive\Desktop\Pro-Obuv1\templates\super_admin_login.html", line 36, in block 'content'
    <a href="{{ url_for('super_admin_forgot') }}" class="btn btn-link"
    ^^^^^^^^^^^^^^^^^^^^^^^^^
  File "C:\Users\Moxir_Coder\AppData\Local\Programs\Python\Python311\Lib\site-packages\flask\app.py", line 1121, in url_for
    return self.handle_url_build_error(error, endpoint, values)
           ^^^^^^^^^^^^^^^^^^^^^^^^^^^^^^^^^^^^^^^^^^^^^^^^^^^^
  File "C:\Users\Moxir_Coder\AppData\Local\Programs\Python\Python311\Lib\site-packages\flask\app.py", line 1110, in url_for
    rv = url_adapter.build(  # type: ignore[union-attr]
         ^^^^^^^^^^^^^^^^^^^^^^^^^^^^^^^^^^^^^^^^^^^^^^
  File "C:\Users\Moxir_Coder\AppData\Local\Programs\Python\Python311\Lib\site-packages\werkzeug\routing\map.py", line 924, in build
    raise BuildError(endpoint, values, method, self)
werkzeug.routing.exceptions.BuildError: Could not build url for endpoint 'super_admin_forgot'. Did you mean 'super_admin_logout' instead?

2025-10-26 12:44:10,191 | ERROR | restaurant_app | handle_exception:1602 | Unhandled exception: Could not build url for endpoint 'super_admin_forgot'. Did you mean 'super_admin_logout' instead? - URL: http://127.0.0.1:5000/super-admin-master-login-z9x4m
2025-10-26 12:44:10,218 | ERROR | restaurant_app | handle_exception:1604 | Full traceback:
Traceback (most recent call last):
  File "C:\Users\Moxir_Coder\AppData\Local\Programs\Python\Python311\Lib\site-packages\flask\app.py", line 917, in full_dispatch_request
    rv = self.dispatch_request()
         ^^^^^^^^^^^^^^^^^^^^^^^
  File "C:\Users\Moxir_Coder\AppData\Local\Programs\Python\Python311\Lib\site-packages\flask\app.py", line 902, in dispatch_request
    return self.ensure_sync(self.view_functions[rule.endpoint])(**view_args)  # type: ignore[no-any-return]
           ^^^^^^^^^^^^^^^^^^^^^^^^^^^^^^^^^^^^^^^^^^^^^^^^^^^^^^^^^^^^^^^^^
  File "c:\Users\Moxir_Coder\OneDrive\Desktop\Pro-Obuv1\app.py", line 13226, in super_admin_login
    session["user_name"] = name
  File "C:\Users\Moxir_Coder\AppData\Local\Programs\Python\Python311\Lib\site-packages\flask\templating.py", line 150, in render_template
    return _render(app, template, context)
           ^^^^^^^^^^^^^^^^^^^^^^^^^^^^^^^
  File "C:\Users\Moxir_Coder\AppData\Local\Programs\Python\Python311\Lib\site-packages\flask\templating.py", line 131, in _render
    rv = template.render(context)
         ^^^^^^^^^^^^^^^^^^^^^^^^
  File "C:\Users\Moxir_Coder\AppData\Local\Programs\Python\Python311\Lib\site-packages\jinja2\environment.py", line 1295, in render
    self.environment.handle_exception()
  File "C:\Users\Moxir_Coder\AppData\Local\Programs\Python\Python311\Lib\site-packages\jinja2\environment.py", line 942, in handle_exception
    raise rewrite_traceback_stack(source=source)
  File "c:\Users\Moxir_Coder\OneDrive\Desktop\Pro-Obuv1\templates\super_admin_login.html", line 1, in top-level template code
    {% extends "base.html" %} {% block title %}Super Admin Login{% endblock %} {%
    ^^^^^^^^^^^^^^^^^^^^^^^^^
  File "c:\Users\Moxir_Coder\OneDrive\Desktop\Pro-Obuv1\templates\base.html", line 1468, in top-level template code
    {% endif %} {% endwith %} {% block content %}{% endblock %}
    ^^^^^^^^^^^^^^^^^^^^^^^^^
  File "c:\Users\Moxir_Coder\OneDrive\Desktop\Pro-Obuv1\templates\super_admin_login.html", line 36, in block 'content'
    <a href="{{ url_for('super_admin_forgot') }}" class="btn btn-link"
    ^^^^^^^^^^^^^^^^^^^^^^^^^
  File "C:\Users\Moxir_Coder\AppData\Local\Programs\Python\Python311\Lib\site-packages\flask\app.py", line 1121, in url_for
    return self.handle_url_build_error(error, endpoint, values)
           ^^^^^^^^^^^^^^^^^^^^^^^^^^^^^^^^^^^^^^^^^^^^^^^^^^^^
  File "C:\Users\Moxir_Coder\AppData\Local\Programs\Python\Python311\Lib\site-packages\flask\app.py", line 1110, in url_for
    rv = url_adapter.build(  # type: ignore[union-attr]
         ^^^^^^^^^^^^^^^^^^^^^^^^^^^^^^^^^^^^^^^^^^^^^^
  File "C:\Users\Moxir_Coder\AppData\Local\Programs\Python\Python311\Lib\site-packages\werkzeug\routing\map.py", line 924, in build
    raise BuildError(endpoint, values, method, self)
werkzeug.routing.exceptions.BuildError: Could not build url for endpoint 'super_admin_forgot'. Did you mean 'super_admin_logout' instead?

2025-10-26 12:44:17,506 | ERROR | restaurant_app | handle_exception:1602 | Unhandled exception: Could not build url for endpoint 'super_admin_forgot'. Did you mean 'super_admin_logout' instead? - URL: http://127.0.0.1:5000/super-admin-master-login-z9x4m
2025-10-26 12:44:17,537 | ERROR | restaurant_app | handle_exception:1604 | Full traceback:
Traceback (most recent call last):
  File "C:\Users\Moxir_Coder\AppData\Local\Programs\Python\Python311\Lib\site-packages\flask\app.py", line 917, in full_dispatch_request
    rv = self.dispatch_request()
         ^^^^^^^^^^^^^^^^^^^^^^^
  File "C:\Users\Moxir_Coder\AppData\Local\Programs\Python\Python311\Lib\site-packages\flask\app.py", line 902, in dispatch_request
    return self.ensure_sync(self.view_functions[rule.endpoint])(**view_args)  # type: ignore[no-any-return]
           ^^^^^^^^^^^^^^^^^^^^^^^^^^^^^^^^^^^^^^^^^^^^^^^^^^^^^^^^^^^^^^^^^
  File "c:\Users\Moxir_Coder\OneDrive\Desktop\Pro-Obuv1\app.py", line 13226, in super_admin_login
    session["user_name"] = name
  File "C:\Users\Moxir_Coder\AppData\Local\Programs\Python\Python311\Lib\site-packages\flask\templating.py", line 150, in render_template
    return _render(app, template, context)
           ^^^^^^^^^^^^^^^^^^^^^^^^^^^^^^^
  File "C:\Users\Moxir_Coder\AppData\Local\Programs\Python\Python311\Lib\site-packages\flask\templating.py", line 131, in _render
    rv = template.render(context)
         ^^^^^^^^^^^^^^^^^^^^^^^^
  File "C:\Users\Moxir_Coder\AppData\Local\Programs\Python\Python311\Lib\site-packages\jinja2\environment.py", line 1295, in render
    self.environment.handle_exception()
  File "C:\Users\Moxir_Coder\AppData\Local\Programs\Python\Python311\Lib\site-packages\jinja2\environment.py", line 942, in handle_exception
    raise rewrite_traceback_stack(source=source)
  File "c:\Users\Moxir_Coder\OneDrive\Desktop\Pro-Obuv1\templates\super_admin_login.html", line 1, in top-level template code
    {% extends "base.html" %} {% block title %}Super Admin Login{% endblock %} {%
    ^^^^^^^^^^^^^^^^^^^^^^^^^
  File "c:\Users\Moxir_Coder\OneDrive\Desktop\Pro-Obuv1\templates\base.html", line 1468, in top-level template code
    {% endif %} {% endwith %} {% block content %}{% endblock %}
    ^^^^^^^^^^^^^^^^^^^^^^^^^
  File "c:\Users\Moxir_Coder\OneDrive\Desktop\Pro-Obuv1\templates\super_admin_login.html", line 36, in block 'content'
    <a href="{{ url_for('super_admin_forgot') }}" class="btn btn-link"
    ^^^^^^^^^^^^^^^^^^^^^^^^^
  File "C:\Users\Moxir_Coder\AppData\Local\Programs\Python\Python311\Lib\site-packages\flask\app.py", line 1121, in url_for
    return self.handle_url_build_error(error, endpoint, values)
           ^^^^^^^^^^^^^^^^^^^^^^^^^^^^^^^^^^^^^^^^^^^^^^^^^^^^
  File "C:\Users\Moxir_Coder\AppData\Local\Programs\Python\Python311\Lib\site-packages\flask\app.py", line 1110, in url_for
    rv = url_adapter.build(  # type: ignore[union-attr]
         ^^^^^^^^^^^^^^^^^^^^^^^^^^^^^^^^^^^^^^^^^^^^^^
  File "C:\Users\Moxir_Coder\AppData\Local\Programs\Python\Python311\Lib\site-packages\werkzeug\routing\map.py", line 924, in build
    raise BuildError(endpoint, values, method, self)
werkzeug.routing.exceptions.BuildError: Could not build url for endpoint 'super_admin_forgot'. Did you mean 'super_admin_logout' instead?

2025-10-26 12:44:25,705 | ERROR | restaurant_app | handle_exception:1602 | Unhandled exception: Could not build url for endpoint 'super_admin_forgot'. Did you mean 'super_admin_logout' instead? - URL: http://127.0.0.1:5000/super-admin-master-login-z9x4m
2025-10-26 12:44:25,705 | ERROR | restaurant_app | handle_exception:1604 | Full traceback:
Traceback (most recent call last):
  File "C:\Users\Moxir_Coder\AppData\Local\Programs\Python\Python311\Lib\site-packages\flask\app.py", line 917, in full_dispatch_request
    rv = self.dispatch_request()
         ^^^^^^^^^^^^^^^^^^^^^^^
  File "C:\Users\Moxir_Coder\AppData\Local\Programs\Python\Python311\Lib\site-packages\flask\app.py", line 902, in dispatch_request
    return self.ensure_sync(self.view_functions[rule.endpoint])(**view_args)  # type: ignore[no-any-return]
           ^^^^^^^^^^^^^^^^^^^^^^^^^^^^^^^^^^^^^^^^^^^^^^^^^^^^^^^^^^^^^^^^^
  File "c:\Users\Moxir_Coder\OneDrive\Desktop\Pro-Obuv1\app.py", line 13226, in super_admin_login
    session["user_name"] = name
  File "C:\Users\Moxir_Coder\AppData\Local\Programs\Python\Python311\Lib\site-packages\flask\templating.py", line 150, in render_template
    return _render(app, template, context)
           ^^^^^^^^^^^^^^^^^^^^^^^^^^^^^^^
  File "C:\Users\Moxir_Coder\AppData\Local\Programs\Python\Python311\Lib\site-packages\flask\templating.py", line 131, in _render
    rv = template.render(context)
         ^^^^^^^^^^^^^^^^^^^^^^^^
  File "C:\Users\Moxir_Coder\AppData\Local\Programs\Python\Python311\Lib\site-packages\jinja2\environment.py", line 1295, in render
    self.environment.handle_exception()
  File "C:\Users\Moxir_Coder\AppData\Local\Programs\Python\Python311\Lib\site-packages\jinja2\environment.py", line 942, in handle_exception
    raise rewrite_traceback_stack(source=source)
  File "c:\Users\Moxir_Coder\OneDrive\Desktop\Pro-Obuv1\templates\super_admin_login.html", line 1, in top-level template code
    {% extends "base.html" %} {% block title %}Super Admin Login{% endblock %} {%
    ^^^^^^^^^^^^^^^^^^^^^^^^^
  File "c:\Users\Moxir_Coder\OneDrive\Desktop\Pro-Obuv1\templates\base.html", line 1468, in top-level template code
    {% endif %} {% endwith %} {% block content %}{% endblock %}
    ^^^^^^^^^^^^^^^^^^^^^^^^^
  File "c:\Users\Moxir_Coder\OneDrive\Desktop\Pro-Obuv1\templates\super_admin_login.html", line 36, in block 'content'
    <a href="{{ url_for('super_admin_forgot') }}" class="btn btn-link"
    ^^^^^^^^^^^^^^^^^^^^^^^^^
  File "C:\Users\Moxir_Coder\AppData\Local\Programs\Python\Python311\Lib\site-packages\flask\app.py", line 1121, in url_for
    return self.handle_url_build_error(error, endpoint, values)
           ^^^^^^^^^^^^^^^^^^^^^^^^^^^^^^^^^^^^^^^^^^^^^^^^^^^^
  File "C:\Users\Moxir_Coder\AppData\Local\Programs\Python\Python311\Lib\site-packages\flask\app.py", line 1110, in url_for
    rv = url_adapter.build(  # type: ignore[union-attr]
         ^^^^^^^^^^^^^^^^^^^^^^^^^^^^^^^^^^^^^^^^^^^^^^
  File "C:\Users\Moxir_Coder\AppData\Local\Programs\Python\Python311\Lib\site-packages\werkzeug\routing\map.py", line 924, in build
    raise BuildError(endpoint, values, method, self)
werkzeug.routing.exceptions.BuildError: Could not build url for endpoint 'super_admin_forgot'. Did you mean 'super_admin_logout' instead?

2025-10-26 12:44:44,516 | ERROR | restaurant_app | handle_exception:1602 | Unhandled exception: Could not build url for endpoint 'super_admin_forgot'. Did you mean 'super_admin_logout' instead? - URL: http://127.0.0.1:5000/super-admin-master-login-z9x4m
2025-10-26 12:44:44,522 | ERROR | restaurant_app | handle_exception:1604 | Full traceback:
Traceback (most recent call last):
  File "C:\Users\Moxir_Coder\AppData\Local\Programs\Python\Python311\Lib\site-packages\flask\app.py", line 917, in full_dispatch_request
    rv = self.dispatch_request()
         ^^^^^^^^^^^^^^^^^^^^^^^
  File "C:\Users\Moxir_Coder\AppData\Local\Programs\Python\Python311\Lib\site-packages\flask\app.py", line 902, in dispatch_request
    return self.ensure_sync(self.view_functions[rule.endpoint])(**view_args)  # type: ignore[no-any-return]
           ^^^^^^^^^^^^^^^^^^^^^^^^^^^^^^^^^^^^^^^^^^^^^^^^^^^^^^^^^^^^^^^^^
  File "c:\Users\Moxir_Coder\OneDrive\Desktop\Pro-Obuv1\app.py", line 13226, in super_admin_login
    session["user_name"] = name
  File "C:\Users\Moxir_Coder\AppData\Local\Programs\Python\Python311\Lib\site-packages\flask\templating.py", line 150, in render_template
    return _render(app, template, context)
           ^^^^^^^^^^^^^^^^^^^^^^^^^^^^^^^
  File "C:\Users\Moxir_Coder\AppData\Local\Programs\Python\Python311\Lib\site-packages\flask\templating.py", line 131, in _render
    rv = template.render(context)
         ^^^^^^^^^^^^^^^^^^^^^^^^
  File "C:\Users\Moxir_Coder\AppData\Local\Programs\Python\Python311\Lib\site-packages\jinja2\environment.py", line 1295, in render
    self.environment.handle_exception()
  File "C:\Users\Moxir_Coder\AppData\Local\Programs\Python\Python311\Lib\site-packages\jinja2\environment.py", line 942, in handle_exception
    raise rewrite_traceback_stack(source=source)
  File "c:\Users\Moxir_Coder\OneDrive\Desktop\Pro-Obuv1\templates\super_admin_login.html", line 1, in top-level template code
    {% extends "base.html" %} {% block title %}Super Admin Login{% endblock %} {%
    ^^^^^^^^^^^^^^^^^^^^^^^^^
  File "c:\Users\Moxir_Coder\OneDrive\Desktop\Pro-Obuv1\templates\base.html", line 1468, in top-level template code
    {% endif %} {% endwith %} {% block content %}{% endblock %}
    ^^^^^^^^^^^^^^^^^^^^^^^^^
  File "c:\Users\Moxir_Coder\OneDrive\Desktop\Pro-Obuv1\templates\super_admin_login.html", line 36, in block 'content'
    <a href="{{ url_for('super_admin_forgot') }}" class="btn btn-link"
    ^^^^^^^^^^^^^^^^^^^^^^^^^
  File "C:\Users\Moxir_Coder\AppData\Local\Programs\Python\Python311\Lib\site-packages\flask\app.py", line 1121, in url_for
    return self.handle_url_build_error(error, endpoint, values)
           ^^^^^^^^^^^^^^^^^^^^^^^^^^^^^^^^^^^^^^^^^^^^^^^^^^^^
  File "C:\Users\Moxir_Coder\AppData\Local\Programs\Python\Python311\Lib\site-packages\flask\app.py", line 1110, in url_for
    rv = url_adapter.build(  # type: ignore[union-attr]
         ^^^^^^^^^^^^^^^^^^^^^^^^^^^^^^^^^^^^^^^^^^^^^^
  File "C:\Users\Moxir_Coder\AppData\Local\Programs\Python\Python311\Lib\site-packages\werkzeug\routing\map.py", line 924, in build
    raise BuildError(endpoint, values, method, self)
werkzeug.routing.exceptions.BuildError: Could not build url for endpoint 'super_admin_forgot'. Did you mean 'super_admin_logout' instead?

2025-10-26 12:44:55,243 | ERROR | restaurant_app | handle_exception:1602 | Unhandled exception: Could not build url for endpoint 'super_admin_forgot'. Did you mean 'super_admin_logout' instead? - URL: http://127.0.0.1:5000/super-admin-master-login-z9x4m
2025-10-26 12:44:55,252 | ERROR | restaurant_app | handle_exception:1604 | Full traceback:
Traceback (most recent call last):
  File "C:\Users\Moxir_Coder\AppData\Local\Programs\Python\Python311\Lib\site-packages\flask\app.py", line 917, in full_dispatch_request
    rv = self.dispatch_request()
         ^^^^^^^^^^^^^^^^^^^^^^^
  File "C:\Users\Moxir_Coder\AppData\Local\Programs\Python\Python311\Lib\site-packages\flask\app.py", line 902, in dispatch_request
    return self.ensure_sync(self.view_functions[rule.endpoint])(**view_args)  # type: ignore[no-any-return]
           ^^^^^^^^^^^^^^^^^^^^^^^^^^^^^^^^^^^^^^^^^^^^^^^^^^^^^^^^^^^^^^^^^
  File "c:\Users\Moxir_Coder\OneDrive\Desktop\Pro-Obuv1\app.py", line 13226, in super_admin_login
    session["user_name"] = name
  File "C:\Users\Moxir_Coder\AppData\Local\Programs\Python\Python311\Lib\site-packages\flask\templating.py", line 150, in render_template
    return _render(app, template, context)
           ^^^^^^^^^^^^^^^^^^^^^^^^^^^^^^^
  File "C:\Users\Moxir_Coder\AppData\Local\Programs\Python\Python311\Lib\site-packages\flask\templating.py", line 131, in _render
    rv = template.render(context)
         ^^^^^^^^^^^^^^^^^^^^^^^^
  File "C:\Users\Moxir_Coder\AppData\Local\Programs\Python\Python311\Lib\site-packages\jinja2\environment.py", line 1295, in render
    self.environment.handle_exception()
  File "C:\Users\Moxir_Coder\AppData\Local\Programs\Python\Python311\Lib\site-packages\jinja2\environment.py", line 942, in handle_exception
    raise rewrite_traceback_stack(source=source)
  File "c:\Users\Moxir_Coder\OneDrive\Desktop\Pro-Obuv1\templates\super_admin_login.html", line 1, in top-level template code
    {% extends "base.html" %} {% block title %}Super Admin Login{% endblock %} {%
    ^^^^^^^^^^^^^^^^^^^^^^^^^
  File "c:\Users\Moxir_Coder\OneDrive\Desktop\Pro-Obuv1\templates\base.html", line 1468, in top-level template code
    {% endif %} {% endwith %} {% block content %}{% endblock %}
    ^^^^^^^^^^^^^^^^^^^^^^^^^
  File "c:\Users\Moxir_Coder\OneDrive\Desktop\Pro-Obuv1\templates\super_admin_login.html", line 36, in block 'content'
    <a href="{{ url_for('super_admin_forgot') }}" class="btn btn-link"
    ^^^^^^^^^^^^^^^^^^^^^^^^^
  File "C:\Users\Moxir_Coder\AppData\Local\Programs\Python\Python311\Lib\site-packages\flask\app.py", line 1121, in url_for
    return self.handle_url_build_error(error, endpoint, values)
           ^^^^^^^^^^^^^^^^^^^^^^^^^^^^^^^^^^^^^^^^^^^^^^^^^^^^
  File "C:\Users\Moxir_Coder\AppData\Local\Programs\Python\Python311\Lib\site-packages\flask\app.py", line 1110, in url_for
    rv = url_adapter.build(  # type: ignore[union-attr]
         ^^^^^^^^^^^^^^^^^^^^^^^^^^^^^^^^^^^^^^^^^^^^^^
  File "C:\Users\Moxir_Coder\AppData\Local\Programs\Python\Python311\Lib\site-packages\werkzeug\routing\map.py", line 924, in build
    raise BuildError(endpoint, values, method, self)
werkzeug.routing.exceptions.BuildError: Could not build url for endpoint 'super_admin_forgot'. Did you mean 'super_admin_logout' instead?

2025-10-26 12:45:55,696 | ERROR | restaurant_app | handle_exception:1602 | Unhandled exception: Could not build url for endpoint 'super_admin_forgot'. Did you mean 'super_admin_logout' instead? - URL: http://127.0.0.1:5000/super-admin-master-login-z9x4m
2025-10-26 12:45:55,701 | ERROR | restaurant_app | handle_exception:1604 | Full traceback:
Traceback (most recent call last):
  File "C:\Users\Moxir_Coder\AppData\Local\Programs\Python\Python311\Lib\site-packages\flask\app.py", line 917, in full_dispatch_request
    rv = self.dispatch_request()
         ^^^^^^^^^^^^^^^^^^^^^^^
  File "C:\Users\Moxir_Coder\AppData\Local\Programs\Python\Python311\Lib\site-packages\flask\app.py", line 902, in dispatch_request
    return self.ensure_sync(self.view_functions[rule.endpoint])(**view_args)  # type: ignore[no-any-return]
           ^^^^^^^^^^^^^^^^^^^^^^^^^^^^^^^^^^^^^^^^^^^^^^^^^^^^^^^^^^^^^^^^^
  File "c:\Users\Moxir_Coder\OneDrive\Desktop\Pro-Obuv1\app.py", line 13226, in super_admin_login
    session["user_name"] = name
  File "C:\Users\Moxir_Coder\AppData\Local\Programs\Python\Python311\Lib\site-packages\flask\templating.py", line 150, in render_template
    return _render(app, template, context)
           ^^^^^^^^^^^^^^^^^^^^^^^^^^^^^^^
  File "C:\Users\Moxir_Coder\AppData\Local\Programs\Python\Python311\Lib\site-packages\flask\templating.py", line 131, in _render
    rv = template.render(context)
         ^^^^^^^^^^^^^^^^^^^^^^^^
  File "C:\Users\Moxir_Coder\AppData\Local\Programs\Python\Python311\Lib\site-packages\jinja2\environment.py", line 1295, in render
    self.environment.handle_exception()
  File "C:\Users\Moxir_Coder\AppData\Local\Programs\Python\Python311\Lib\site-packages\jinja2\environment.py", line 942, in handle_exception
    raise rewrite_traceback_stack(source=source)
  File "c:\Users\Moxir_Coder\OneDrive\Desktop\Pro-Obuv1\templates\super_admin_login.html", line 1, in top-level template code
    {% extends "base.html" %} {% block title %}Super Admin Login{% endblock %} {%
    ^^^^^^^^^^^^^^^^^^^^^^^^^
  File "c:\Users\Moxir_Coder\OneDrive\Desktop\Pro-Obuv1\templates\base.html", line 1468, in top-level template code
    {% endif %} {% endwith %} {% block content %}{% endblock %}
    ^^^^^^^^^^^^^^^^^^^^^^^^^
  File "c:\Users\Moxir_Coder\OneDrive\Desktop\Pro-Obuv1\templates\super_admin_login.html", line 36, in block 'content'
    <a href="{{ url_for('super_admin_forgot') }}" class="btn btn-link"
    ^^^^^^^^^^^^^^^^^^^^^^^^^
  File "C:\Users\Moxir_Coder\AppData\Local\Programs\Python\Python311\Lib\site-packages\flask\app.py", line 1121, in url_for
    return self.handle_url_build_error(error, endpoint, values)
           ^^^^^^^^^^^^^^^^^^^^^^^^^^^^^^^^^^^^^^^^^^^^^^^^^^^^
  File "C:\Users\Moxir_Coder\AppData\Local\Programs\Python\Python311\Lib\site-packages\flask\app.py", line 1110, in url_for
    rv = url_adapter.build(  # type: ignore[union-attr]
         ^^^^^^^^^^^^^^^^^^^^^^^^^^^^^^^^^^^^^^^^^^^^^^
  File "C:\Users\Moxir_Coder\AppData\Local\Programs\Python\Python311\Lib\site-packages\werkzeug\routing\map.py", line 924, in build
    raise BuildError(endpoint, values, method, self)
werkzeug.routing.exceptions.BuildError: Could not build url for endpoint 'super_admin_forgot'. Did you mean 'super_admin_logout' instead?

2025-10-26 12:46:09,188 | ERROR | restaurant_app | handle_exception:1602 | Unhandled exception: Could not build url for endpoint 'super_admin_forgot'. Did you mean 'super_admin_logout' instead? - URL: http://localhost:5000/super-admin-master-login-z9x4m
2025-10-26 12:46:09,190 | ERROR | restaurant_app | handle_exception:1604 | Full traceback:
Traceback (most recent call last):
  File "C:\Users\Moxir_Coder\AppData\Local\Programs\Python\Python311\Lib\site-packages\flask\app.py", line 917, in full_dispatch_request
    rv = self.dispatch_request()
         ^^^^^^^^^^^^^^^^^^^^^^^
  File "C:\Users\Moxir_Coder\AppData\Local\Programs\Python\Python311\Lib\site-packages\flask\app.py", line 902, in dispatch_request
    return self.ensure_sync(self.view_functions[rule.endpoint])(**view_args)  # type: ignore[no-any-return]
           ^^^^^^^^^^^^^^^^^^^^^^^^^^^^^^^^^^^^^^^^^^^^^^^^^^^^^^^^^^^^^^^^^
  File "c:\Users\Moxir_Coder\OneDrive\Desktop\Pro-Obuv1\app.py", line 13226, in super_admin_login
    session["user_name"] = name
  File "C:\Users\Moxir_Coder\AppData\Local\Programs\Python\Python311\Lib\site-packages\flask\templating.py", line 150, in render_template
    return _render(app, template, context)
           ^^^^^^^^^^^^^^^^^^^^^^^^^^^^^^^
  File "C:\Users\Moxir_Coder\AppData\Local\Programs\Python\Python311\Lib\site-packages\flask\templating.py", line 131, in _render
    rv = template.render(context)
         ^^^^^^^^^^^^^^^^^^^^^^^^
  File "C:\Users\Moxir_Coder\AppData\Local\Programs\Python\Python311\Lib\site-packages\jinja2\environment.py", line 1295, in render
    self.environment.handle_exception()
  File "C:\Users\Moxir_Coder\AppData\Local\Programs\Python\Python311\Lib\site-packages\jinja2\environment.py", line 942, in handle_exception
    raise rewrite_traceback_stack(source=source)
  File "c:\Users\Moxir_Coder\OneDrive\Desktop\Pro-Obuv1\templates\super_admin_login.html", line 1, in top-level template code
    {% extends "base.html" %} {% block title %}Super Admin Login{% endblock %} {%
    ^^^^^^^^^^^^^^^^^^^^^^^^^
  File "c:\Users\Moxir_Coder\OneDrive\Desktop\Pro-Obuv1\templates\base.html", line 1468, in top-level template code
    {% endif %} {% endwith %} {% block content %}{% endblock %}
    ^^^^^^^^^^^^^^^^^^^^^^^^^
  File "c:\Users\Moxir_Coder\OneDrive\Desktop\Pro-Obuv1\templates\super_admin_login.html", line 36, in block 'content'
    <a href="{{ url_for('super_admin_forgot') }}" class="btn btn-link"
    ^^^^^^^^^^^^^^^^^^^^^^^^^
  File "C:\Users\Moxir_Coder\AppData\Local\Programs\Python\Python311\Lib\site-packages\flask\app.py", line 1121, in url_for
    return self.handle_url_build_error(error, endpoint, values)
           ^^^^^^^^^^^^^^^^^^^^^^^^^^^^^^^^^^^^^^^^^^^^^^^^^^^^
  File "C:\Users\Moxir_Coder\AppData\Local\Programs\Python\Python311\Lib\site-packages\flask\app.py", line 1110, in url_for
    rv = url_adapter.build(  # type: ignore[union-attr]
         ^^^^^^^^^^^^^^^^^^^^^^^^^^^^^^^^^^^^^^^^^^^^^^
  File "C:\Users\Moxir_Coder\AppData\Local\Programs\Python\Python311\Lib\site-packages\werkzeug\routing\map.py", line 924, in build
    raise BuildError(endpoint, values, method, self)
werkzeug.routing.exceptions.BuildError: Could not build url for endpoint 'super_admin_forgot'. Did you mean 'super_admin_logout' instead?

2025-10-26 12:46:09,769 | ERROR | restaurant_app | handle_exception:1602 | Unhandled exception: Could not build url for endpoint 'super_admin_forgot'. Did you mean 'super_admin_logout' instead? - URL: http://localhost:5000/super-admin-master-login-z9x4m
2025-10-26 12:46:09,769 | ERROR | restaurant_app | handle_exception:1604 | Full traceback:
Traceback (most recent call last):
  File "C:\Users\Moxir_Coder\AppData\Local\Programs\Python\Python311\Lib\site-packages\flask\app.py", line 917, in full_dispatch_request
    rv = self.dispatch_request()
         ^^^^^^^^^^^^^^^^^^^^^^^
  File "C:\Users\Moxir_Coder\AppData\Local\Programs\Python\Python311\Lib\site-packages\flask\app.py", line 902, in dispatch_request
    return self.ensure_sync(self.view_functions[rule.endpoint])(**view_args)  # type: ignore[no-any-return]
           ^^^^^^^^^^^^^^^^^^^^^^^^^^^^^^^^^^^^^^^^^^^^^^^^^^^^^^^^^^^^^^^^^
  File "c:\Users\Moxir_Coder\OneDrive\Desktop\Pro-Obuv1\app.py", line 13226, in super_admin_login
    session["user_name"] = name
  File "C:\Users\Moxir_Coder\AppData\Local\Programs\Python\Python311\Lib\site-packages\flask\templating.py", line 150, in render_template
    return _render(app, template, context)
           ^^^^^^^^^^^^^^^^^^^^^^^^^^^^^^^
  File "C:\Users\Moxir_Coder\AppData\Local\Programs\Python\Python311\Lib\site-packages\flask\templating.py", line 131, in _render
    rv = template.render(context)
         ^^^^^^^^^^^^^^^^^^^^^^^^
  File "C:\Users\Moxir_Coder\AppData\Local\Programs\Python\Python311\Lib\site-packages\jinja2\environment.py", line 1295, in render
    self.environment.handle_exception()
  File "C:\Users\Moxir_Coder\AppData\Local\Programs\Python\Python311\Lib\site-packages\jinja2\environment.py", line 942, in handle_exception
    raise rewrite_traceback_stack(source=source)
  File "c:\Users\Moxir_Coder\OneDrive\Desktop\Pro-Obuv1\templates\super_admin_login.html", line 1, in top-level template code
    {% extends "base.html" %} {% block title %}Super Admin Login{% endblock %} {%
    ^^^^^^^^^^^^^^^^^^^^^^^^^
  File "c:\Users\Moxir_Coder\OneDrive\Desktop\Pro-Obuv1\templates\base.html", line 1468, in top-level template code
    {% endif %} {% endwith %} {% block content %}{% endblock %}
    ^^^^^^^^^^^^^^^^^^^^^^^^^
  File "c:\Users\Moxir_Coder\OneDrive\Desktop\Pro-Obuv1\templates\super_admin_login.html", line 36, in block 'content'
    <a href="{{ url_for('super_admin_forgot') }}" class="btn btn-link"
    ^^^^^^^^^^^^^^^^^^^^^^^^^
  File "C:\Users\Moxir_Coder\AppData\Local\Programs\Python\Python311\Lib\site-packages\flask\app.py", line 1121, in url_for
    return self.handle_url_build_error(error, endpoint, values)
           ^^^^^^^^^^^^^^^^^^^^^^^^^^^^^^^^^^^^^^^^^^^^^^^^^^^^
  File "C:\Users\Moxir_Coder\AppData\Local\Programs\Python\Python311\Lib\site-packages\flask\app.py", line 1110, in url_for
    rv = url_adapter.build(  # type: ignore[union-attr]
         ^^^^^^^^^^^^^^^^^^^^^^^^^^^^^^^^^^^^^^^^^^^^^^
  File "C:\Users\Moxir_Coder\AppData\Local\Programs\Python\Python311\Lib\site-packages\werkzeug\routing\map.py", line 924, in build
    raise BuildError(endpoint, values, method, self)
werkzeug.routing.exceptions.BuildError: Could not build url for endpoint 'super_admin_forgot'. Did you mean 'super_admin_logout' instead?

2025-10-26 12:47:08,698 | ERROR | restaurant_app | handle_exception:1602 | Unhandled exception: Could not build url for endpoint 'super_admin_forgot'. Did you mean 'super_admin_logout' instead? - URL: http://localhost:5000/super-admin-master-login-z9x4m
2025-10-26 12:47:08,698 | ERROR | restaurant_app | handle_exception:1604 | Full traceback:
Traceback (most recent call last):
  File "C:\Users\Moxir_Coder\AppData\Local\Programs\Python\Python311\Lib\site-packages\flask\app.py", line 917, in full_dispatch_request
    rv = self.dispatch_request()
         ^^^^^^^^^^^^^^^^^^^^^^^
  File "C:\Users\Moxir_Coder\AppData\Local\Programs\Python\Python311\Lib\site-packages\flask\app.py", line 902, in dispatch_request
    return self.ensure_sync(self.view_functions[rule.endpoint])(**view_args)  # type: ignore[no-any-return]
           ^^^^^^^^^^^^^^^^^^^^^^^^^^^^^^^^^^^^^^^^^^^^^^^^^^^^^^^^^^^^^^^^^
  File "c:\Users\Moxir_Coder\OneDrive\Desktop\Pro-Obuv1\app.py", line 13226, in super_admin_login
    session["user_name"] = name
  File "C:\Users\Moxir_Coder\AppData\Local\Programs\Python\Python311\Lib\site-packages\flask\templating.py", line 150, in render_template
    return _render(app, template, context)
           ^^^^^^^^^^^^^^^^^^^^^^^^^^^^^^^
  File "C:\Users\Moxir_Coder\AppData\Local\Programs\Python\Python311\Lib\site-packages\flask\templating.py", line 131, in _render
    rv = template.render(context)
         ^^^^^^^^^^^^^^^^^^^^^^^^
  File "C:\Users\Moxir_Coder\AppData\Local\Programs\Python\Python311\Lib\site-packages\jinja2\environment.py", line 1295, in render
    self.environment.handle_exception()
  File "C:\Users\Moxir_Coder\AppData\Local\Programs\Python\Python311\Lib\site-packages\jinja2\environment.py", line 942, in handle_exception
    raise rewrite_traceback_stack(source=source)
  File "c:\Users\Moxir_Coder\OneDrive\Desktop\Pro-Obuv1\templates\super_admin_login.html", line 1, in top-level template code
    {% extends "base.html" %} {% block title %}Super Admin Login{% endblock %} {%
    ^^^^^^^^^^^^^^^^^^^^^^^^^
  File "c:\Users\Moxir_Coder\OneDrive\Desktop\Pro-Obuv1\templates\base.html", line 1468, in top-level template code
    {% endif %} {% endwith %} {% block content %}{% endblock %}
    ^^^^^^^^^^^^^^^^^^^^^^^^^
  File "c:\Users\Moxir_Coder\OneDrive\Desktop\Pro-Obuv1\templates\super_admin_login.html", line 36, in block 'content'
    <a href="{{ url_for('super_admin_forgot') }}" class="btn btn-link"
    ^^^^^^^^^^^^^^^^^^^^^^^^^
  File "C:\Users\Moxir_Coder\AppData\Local\Programs\Python\Python311\Lib\site-packages\flask\app.py", line 1121, in url_for
    return self.handle_url_build_error(error, endpoint, values)
           ^^^^^^^^^^^^^^^^^^^^^^^^^^^^^^^^^^^^^^^^^^^^^^^^^^^^
  File "C:\Users\Moxir_Coder\AppData\Local\Programs\Python\Python311\Lib\site-packages\flask\app.py", line 1110, in url_for
    rv = url_adapter.build(  # type: ignore[union-attr]
         ^^^^^^^^^^^^^^^^^^^^^^^^^^^^^^^^^^^^^^^^^^^^^^
  File "C:\Users\Moxir_Coder\AppData\Local\Programs\Python\Python311\Lib\site-packages\werkzeug\routing\map.py", line 924, in build
    raise BuildError(endpoint, values, method, self)
werkzeug.routing.exceptions.BuildError: Could not build url for endpoint 'super_admin_forgot'. Did you mean 'super_admin_logout' instead?

2025-10-26 12:47:12,626 | ERROR | restaurant_app | handle_exception:1602 | Unhandled exception: Could not build url for endpoint 'super_admin_forgot'. Did you mean 'super_admin_logout' instead? - URL: http://localhost:5000/super-admin-master-login-z9x4m
2025-10-26 12:47:12,628 | ERROR | restaurant_app | handle_exception:1604 | Full traceback:
Traceback (most recent call last):
  File "C:\Users\Moxir_Coder\AppData\Local\Programs\Python\Python311\Lib\site-packages\flask\app.py", line 917, in full_dispatch_request
    rv = self.dispatch_request()
         ^^^^^^^^^^^^^^^^^^^^^^^
  File "C:\Users\Moxir_Coder\AppData\Local\Programs\Python\Python311\Lib\site-packages\flask\app.py", line 902, in dispatch_request
    return self.ensure_sync(self.view_functions[rule.endpoint])(**view_args)  # type: ignore[no-any-return]
           ^^^^^^^^^^^^^^^^^^^^^^^^^^^^^^^^^^^^^^^^^^^^^^^^^^^^^^^^^^^^^^^^^
  File "c:\Users\Moxir_Coder\OneDrive\Desktop\Pro-Obuv1\app.py", line 13226, in super_admin_login
    session["user_name"] = name
  File "C:\Users\Moxir_Coder\AppData\Local\Programs\Python\Python311\Lib\site-packages\flask\templating.py", line 150, in render_template
    return _render(app, template, context)
           ^^^^^^^^^^^^^^^^^^^^^^^^^^^^^^^
  File "C:\Users\Moxir_Coder\AppData\Local\Programs\Python\Python311\Lib\site-packages\flask\templating.py", line 131, in _render
    rv = template.render(context)
         ^^^^^^^^^^^^^^^^^^^^^^^^
  File "C:\Users\Moxir_Coder\AppData\Local\Programs\Python\Python311\Lib\site-packages\jinja2\environment.py", line 1295, in render
    self.environment.handle_exception()
  File "C:\Users\Moxir_Coder\AppData\Local\Programs\Python\Python311\Lib\site-packages\jinja2\environment.py", line 942, in handle_exception
    raise rewrite_traceback_stack(source=source)
  File "c:\Users\Moxir_Coder\OneDrive\Desktop\Pro-Obuv1\templates\super_admin_login.html", line 1, in top-level template code
    {% extends "base.html" %} {% block title %}Super Admin Login{% endblock %} {%
    ^^^^^^^^^^^^^^^^^^^^^^^^^
  File "c:\Users\Moxir_Coder\OneDrive\Desktop\Pro-Obuv1\templates\base.html", line 1468, in top-level template code
    {% endif %} {% endwith %} {% block content %}{% endblock %}
    ^^^^^^^^^^^^^^^^^^^^^^^^^
  File "c:\Users\Moxir_Coder\OneDrive\Desktop\Pro-Obuv1\templates\super_admin_login.html", line 36, in block 'content'
    <a href="{{ url_for('super_admin_forgot') }}" class="btn btn-link"
    ^^^^^^^^^^^^^^^^^^^^^^^^^
  File "C:\Users\Moxir_Coder\AppData\Local\Programs\Python\Python311\Lib\site-packages\flask\app.py", line 1121, in url_for
    return self.handle_url_build_error(error, endpoint, values)
           ^^^^^^^^^^^^^^^^^^^^^^^^^^^^^^^^^^^^^^^^^^^^^^^^^^^^
  File "C:\Users\Moxir_Coder\AppData\Local\Programs\Python\Python311\Lib\site-packages\flask\app.py", line 1110, in url_for
    rv = url_adapter.build(  # type: ignore[union-attr]
         ^^^^^^^^^^^^^^^^^^^^^^^^^^^^^^^^^^^^^^^^^^^^^^
  File "C:\Users\Moxir_Coder\AppData\Local\Programs\Python\Python311\Lib\site-packages\werkzeug\routing\map.py", line 924, in build
    raise BuildError(endpoint, values, method, self)
werkzeug.routing.exceptions.BuildError: Could not build url for endpoint 'super_admin_forgot'. Did you mean 'super_admin_logout' instead?

2025-10-26 12:47:13,461 | ERROR | restaurant_app | handle_exception:1602 | Unhandled exception: Could not build url for endpoint 'super_admin_forgot'. Did you mean 'super_admin_logout' instead? - URL: http://localhost:5000/super-admin-master-login-z9x4m
2025-10-26 12:47:13,463 | ERROR | restaurant_app | handle_exception:1604 | Full traceback:
Traceback (most recent call last):
  File "C:\Users\Moxir_Coder\AppData\Local\Programs\Python\Python311\Lib\site-packages\flask\app.py", line 917, in full_dispatch_request
    rv = self.dispatch_request()
         ^^^^^^^^^^^^^^^^^^^^^^^
  File "C:\Users\Moxir_Coder\AppData\Local\Programs\Python\Python311\Lib\site-packages\flask\app.py", line 902, in dispatch_request
    return self.ensure_sync(self.view_functions[rule.endpoint])(**view_args)  # type: ignore[no-any-return]
           ^^^^^^^^^^^^^^^^^^^^^^^^^^^^^^^^^^^^^^^^^^^^^^^^^^^^^^^^^^^^^^^^^
  File "c:\Users\Moxir_Coder\OneDrive\Desktop\Pro-Obuv1\app.py", line 13226, in super_admin_login
    session["user_name"] = name
  File "C:\Users\Moxir_Coder\AppData\Local\Programs\Python\Python311\Lib\site-packages\flask\templating.py", line 150, in render_template
    return _render(app, template, context)
           ^^^^^^^^^^^^^^^^^^^^^^^^^^^^^^^
  File "C:\Users\Moxir_Coder\AppData\Local\Programs\Python\Python311\Lib\site-packages\flask\templating.py", line 131, in _render
    rv = template.render(context)
         ^^^^^^^^^^^^^^^^^^^^^^^^
  File "C:\Users\Moxir_Coder\AppData\Local\Programs\Python\Python311\Lib\site-packages\jinja2\environment.py", line 1295, in render
    self.environment.handle_exception()
  File "C:\Users\Moxir_Coder\AppData\Local\Programs\Python\Python311\Lib\site-packages\jinja2\environment.py", line 942, in handle_exception
    raise rewrite_traceback_stack(source=source)
  File "c:\Users\Moxir_Coder\OneDrive\Desktop\Pro-Obuv1\templates\super_admin_login.html", line 1, in top-level template code
    {% extends "base.html" %} {% block title %}Super Admin Login{% endblock %} {%
    ^^^^^^^^^^^^^^^^^^^^^^^^^
  File "c:\Users\Moxir_Coder\OneDrive\Desktop\Pro-Obuv1\templates\base.html", line 1468, in top-level template code
    {% endif %} {% endwith %} {% block content %}{% endblock %}
    ^^^^^^^^^^^^^^^^^^^^^^^^^
  File "c:\Users\Moxir_Coder\OneDrive\Desktop\Pro-Obuv1\templates\super_admin_login.html", line 36, in block 'content'
    <a href="{{ url_for('super_admin_forgot') }}" class="btn btn-link"
    ^^^^^^^^^^^^^^^^^^^^^^^^^
  File "C:\Users\Moxir_Coder\AppData\Local\Programs\Python\Python311\Lib\site-packages\flask\app.py", line 1121, in url_for
    return self.handle_url_build_error(error, endpoint, values)
           ^^^^^^^^^^^^^^^^^^^^^^^^^^^^^^^^^^^^^^^^^^^^^^^^^^^^
  File "C:\Users\Moxir_Coder\AppData\Local\Programs\Python\Python311\Lib\site-packages\flask\app.py", line 1110, in url_for
    rv = url_adapter.build(  # type: ignore[union-attr]
         ^^^^^^^^^^^^^^^^^^^^^^^^^^^^^^^^^^^^^^^^^^^^^^
  File "C:\Users\Moxir_Coder\AppData\Local\Programs\Python\Python311\Lib\site-packages\werkzeug\routing\map.py", line 924, in build
    raise BuildError(endpoint, values, method, self)
werkzeug.routing.exceptions.BuildError: Could not build url for endpoint 'super_admin_forgot'. Did you mean 'super_admin_logout' instead?

2025-10-26 12:47:14,336 | ERROR | restaurant_app | handle_exception:1602 | Unhandled exception: Could not build url for endpoint 'super_admin_forgot'. Did you mean 'super_admin_logout' instead? - URL: http://localhost:5000/super-admin-master-login-z9x4m
2025-10-26 12:47:14,338 | ERROR | restaurant_app | handle_exception:1604 | Full traceback:
Traceback (most recent call last):
  File "C:\Users\Moxir_Coder\AppData\Local\Programs\Python\Python311\Lib\site-packages\flask\app.py", line 917, in full_dispatch_request
    rv = self.dispatch_request()
         ^^^^^^^^^^^^^^^^^^^^^^^
  File "C:\Users\Moxir_Coder\AppData\Local\Programs\Python\Python311\Lib\site-packages\flask\app.py", line 902, in dispatch_request
    return self.ensure_sync(self.view_functions[rule.endpoint])(**view_args)  # type: ignore[no-any-return]
           ^^^^^^^^^^^^^^^^^^^^^^^^^^^^^^^^^^^^^^^^^^^^^^^^^^^^^^^^^^^^^^^^^
  File "c:\Users\Moxir_Coder\OneDrive\Desktop\Pro-Obuv1\app.py", line 13226, in super_admin_login
    session["user_name"] = name
  File "C:\Users\Moxir_Coder\AppData\Local\Programs\Python\Python311\Lib\site-packages\flask\templating.py", line 150, in render_template
    return _render(app, template, context)
           ^^^^^^^^^^^^^^^^^^^^^^^^^^^^^^^
  File "C:\Users\Moxir_Coder\AppData\Local\Programs\Python\Python311\Lib\site-packages\flask\templating.py", line 131, in _render
    rv = template.render(context)
         ^^^^^^^^^^^^^^^^^^^^^^^^
  File "C:\Users\Moxir_Coder\AppData\Local\Programs\Python\Python311\Lib\site-packages\jinja2\environment.py", line 1295, in render
    self.environment.handle_exception()
  File "C:\Users\Moxir_Coder\AppData\Local\Programs\Python\Python311\Lib\site-packages\jinja2\environment.py", line 942, in handle_exception
    raise rewrite_traceback_stack(source=source)
  File "c:\Users\Moxir_Coder\OneDrive\Desktop\Pro-Obuv1\templates\super_admin_login.html", line 1, in top-level template code
    {% extends "base.html" %} {% block title %}Super Admin Login{% endblock %} {%
    ^^^^^^^^^^^^^^^^^^^^^^^^^
  File "c:\Users\Moxir_Coder\OneDrive\Desktop\Pro-Obuv1\templates\base.html", line 1468, in top-level template code
    {% endif %} {% endwith %} {% block content %}{% endblock %}
    ^^^^^^^^^^^^^^^^^^^^^^^^^
  File "c:\Users\Moxir_Coder\OneDrive\Desktop\Pro-Obuv1\templates\super_admin_login.html", line 36, in block 'content'
    <a href="{{ url_for('super_admin_forgot') }}" class="btn btn-link"
    ^^^^^^^^^^^^^^^^^^^^^^^^^
  File "C:\Users\Moxir_Coder\AppData\Local\Programs\Python\Python311\Lib\site-packages\flask\app.py", line 1121, in url_for
    return self.handle_url_build_error(error, endpoint, values)
           ^^^^^^^^^^^^^^^^^^^^^^^^^^^^^^^^^^^^^^^^^^^^^^^^^^^^
  File "C:\Users\Moxir_Coder\AppData\Local\Programs\Python\Python311\Lib\site-packages\flask\app.py", line 1110, in url_for
    rv = url_adapter.build(  # type: ignore[union-attr]
         ^^^^^^^^^^^^^^^^^^^^^^^^^^^^^^^^^^^^^^^^^^^^^^
  File "C:\Users\Moxir_Coder\AppData\Local\Programs\Python\Python311\Lib\site-packages\werkzeug\routing\map.py", line 924, in build
    raise BuildError(endpoint, values, method, self)
werkzeug.routing.exceptions.BuildError: Could not build url for endpoint 'super_admin_forgot'. Did you mean 'super_admin_logout' instead?

2025-10-26 12:47:18,649 | ERROR | restaurant_app | handle_exception:1602 | Unhandled exception: Could not build url for endpoint 'super_admin_forgot'. Did you mean 'super_admin_logout' instead? - URL: http://localhost:5000/super-admin-master-login-z9x4m
2025-10-26 12:47:18,651 | ERROR | restaurant_app | handle_exception:1604 | Full traceback:
Traceback (most recent call last):
  File "C:\Users\Moxir_Coder\AppData\Local\Programs\Python\Python311\Lib\site-packages\flask\app.py", line 917, in full_dispatch_request
    rv = self.dispatch_request()
         ^^^^^^^^^^^^^^^^^^^^^^^
  File "C:\Users\Moxir_Coder\AppData\Local\Programs\Python\Python311\Lib\site-packages\flask\app.py", line 902, in dispatch_request
    return self.ensure_sync(self.view_functions[rule.endpoint])(**view_args)  # type: ignore[no-any-return]
           ^^^^^^^^^^^^^^^^^^^^^^^^^^^^^^^^^^^^^^^^^^^^^^^^^^^^^^^^^^^^^^^^^
  File "c:\Users\Moxir_Coder\OneDrive\Desktop\Pro-Obuv1\app.py", line 13226, in super_admin_login
    session["user_name"] = name
  File "C:\Users\Moxir_Coder\AppData\Local\Programs\Python\Python311\Lib\site-packages\flask\templating.py", line 150, in render_template
    return _render(app, template, context)
           ^^^^^^^^^^^^^^^^^^^^^^^^^^^^^^^
  File "C:\Users\Moxir_Coder\AppData\Local\Programs\Python\Python311\Lib\site-packages\flask\templating.py", line 131, in _render
    rv = template.render(context)
         ^^^^^^^^^^^^^^^^^^^^^^^^
  File "C:\Users\Moxir_Coder\AppData\Local\Programs\Python\Python311\Lib\site-packages\jinja2\environment.py", line 1295, in render
    self.environment.handle_exception()
  File "C:\Users\Moxir_Coder\AppData\Local\Programs\Python\Python311\Lib\site-packages\jinja2\environment.py", line 942, in handle_exception
    raise rewrite_traceback_stack(source=source)
  File "c:\Users\Moxir_Coder\OneDrive\Desktop\Pro-Obuv1\templates\super_admin_login.html", line 1, in top-level template code
    {% extends "base.html" %} {% block title %}Super Admin Login{% endblock %} {%
    ^^^^^^^^^^^^^^^^^^^^^^^^^
  File "c:\Users\Moxir_Coder\OneDrive\Desktop\Pro-Obuv1\templates\base.html", line 1468, in top-level template code
    {% endif %} {% endwith %} {% block content %}{% endblock %}
    ^^^^^^^^^^^^^^^^^^^^^^^^^
  File "c:\Users\Moxir_Coder\OneDrive\Desktop\Pro-Obuv1\templates\super_admin_login.html", line 36, in block 'content'
    <a href="{{ url_for('super_admin_forgot') }}" class="btn btn-link"
    ^^^^^^^^^^^^^^^^^^^^^^^^^
  File "C:\Users\Moxir_Coder\AppData\Local\Programs\Python\Python311\Lib\site-packages\flask\app.py", line 1121, in url_for
    return self.handle_url_build_error(error, endpoint, values)
           ^^^^^^^^^^^^^^^^^^^^^^^^^^^^^^^^^^^^^^^^^^^^^^^^^^^^
  File "C:\Users\Moxir_Coder\AppData\Local\Programs\Python\Python311\Lib\site-packages\flask\app.py", line 1110, in url_for
    rv = url_adapter.build(  # type: ignore[union-attr]
         ^^^^^^^^^^^^^^^^^^^^^^^^^^^^^^^^^^^^^^^^^^^^^^
  File "C:\Users\Moxir_Coder\AppData\Local\Programs\Python\Python311\Lib\site-packages\werkzeug\routing\map.py", line 924, in build
    raise BuildError(endpoint, values, method, self)
werkzeug.routing.exceptions.BuildError: Could not build url for endpoint 'super_admin_forgot'. Did you mean 'super_admin_logout' instead?

2025-10-26 12:47:19,175 | ERROR | restaurant_app | handle_exception:1602 | Unhandled exception: Could not build url for endpoint 'super_admin_forgot'. Did you mean 'super_admin_logout' instead? - URL: http://localhost:5000/super-admin-master-login-z9x4m
2025-10-26 12:47:19,179 | ERROR | restaurant_app | handle_exception:1604 | Full traceback:
Traceback (most recent call last):
  File "C:\Users\Moxir_Coder\AppData\Local\Programs\Python\Python311\Lib\site-packages\flask\app.py", line 917, in full_dispatch_request
    rv = self.dispatch_request()
         ^^^^^^^^^^^^^^^^^^^^^^^
  File "C:\Users\Moxir_Coder\AppData\Local\Programs\Python\Python311\Lib\site-packages\flask\app.py", line 902, in dispatch_request
    return self.ensure_sync(self.view_functions[rule.endpoint])(**view_args)  # type: ignore[no-any-return]
           ^^^^^^^^^^^^^^^^^^^^^^^^^^^^^^^^^^^^^^^^^^^^^^^^^^^^^^^^^^^^^^^^^
  File "c:\Users\Moxir_Coder\OneDrive\Desktop\Pro-Obuv1\app.py", line 13226, in super_admin_login
    session["user_name"] = name
  File "C:\Users\Moxir_Coder\AppData\Local\Programs\Python\Python311\Lib\site-packages\flask\templating.py", line 150, in render_template
    return _render(app, template, context)
           ^^^^^^^^^^^^^^^^^^^^^^^^^^^^^^^
  File "C:\Users\Moxir_Coder\AppData\Local\Programs\Python\Python311\Lib\site-packages\flask\templating.py", line 131, in _render
    rv = template.render(context)
         ^^^^^^^^^^^^^^^^^^^^^^^^
  File "C:\Users\Moxir_Coder\AppData\Local\Programs\Python\Python311\Lib\site-packages\jinja2\environment.py", line 1295, in render
    self.environment.handle_exception()
  File "C:\Users\Moxir_Coder\AppData\Local\Programs\Python\Python311\Lib\site-packages\jinja2\environment.py", line 942, in handle_exception
    raise rewrite_traceback_stack(source=source)
  File "c:\Users\Moxir_Coder\OneDrive\Desktop\Pro-Obuv1\templates\super_admin_login.html", line 1, in top-level template code
    {% extends "base.html" %} {% block title %}Super Admin Login{% endblock %} {%
    ^^^^^^^^^^^^^^^^^^^^^^^^^
  File "c:\Users\Moxir_Coder\OneDrive\Desktop\Pro-Obuv1\templates\base.html", line 1468, in top-level template code
    {% endif %} {% endwith %} {% block content %}{% endblock %}
    ^^^^^^^^^^^^^^^^^^^^^^^^^
  File "c:\Users\Moxir_Coder\OneDrive\Desktop\Pro-Obuv1\templates\super_admin_login.html", line 36, in block 'content'
    <a href="{{ url_for('super_admin_forgot') }}" class="btn btn-link"
    ^^^^^^^^^^^^^^^^^^^^^^^^^
  File "C:\Users\Moxir_Coder\AppData\Local\Programs\Python\Python311\Lib\site-packages\flask\app.py", line 1121, in url_for
    return self.handle_url_build_error(error, endpoint, values)
           ^^^^^^^^^^^^^^^^^^^^^^^^^^^^^^^^^^^^^^^^^^^^^^^^^^^^
  File "C:\Users\Moxir_Coder\AppData\Local\Programs\Python\Python311\Lib\site-packages\flask\app.py", line 1110, in url_for
    rv = url_adapter.build(  # type: ignore[union-attr]
         ^^^^^^^^^^^^^^^^^^^^^^^^^^^^^^^^^^^^^^^^^^^^^^
  File "C:\Users\Moxir_Coder\AppData\Local\Programs\Python\Python311\Lib\site-packages\werkzeug\routing\map.py", line 924, in build
    raise BuildError(endpoint, values, method, self)
werkzeug.routing.exceptions.BuildError: Could not build url for endpoint 'super_admin_forgot'. Did you mean 'super_admin_logout' instead?

2025-10-26 12:47:32,250 | ERROR | restaurant_app | handle_exception:1602 | Unhandled exception: Could not build url for endpoint 'super_admin_forgot'. Did you mean 'super_admin_logout' instead? - URL: http://localhost:5000/super-admin-master-login-z9x4m
2025-10-26 12:47:32,250 | ERROR | restaurant_app | handle_exception:1604 | Full traceback:
Traceback (most recent call last):
  File "C:\Users\Moxir_Coder\AppData\Local\Programs\Python\Python311\Lib\site-packages\flask\app.py", line 917, in full_dispatch_request
    rv = self.dispatch_request()
         ^^^^^^^^^^^^^^^^^^^^^^^
  File "C:\Users\Moxir_Coder\AppData\Local\Programs\Python\Python311\Lib\site-packages\flask\app.py", line 902, in dispatch_request
    return self.ensure_sync(self.view_functions[rule.endpoint])(**view_args)  # type: ignore[no-any-return]
           ^^^^^^^^^^^^^^^^^^^^^^^^^^^^^^^^^^^^^^^^^^^^^^^^^^^^^^^^^^^^^^^^^
  File "c:\Users\Moxir_Coder\OneDrive\Desktop\Pro-Obuv1\app.py", line 13226, in super_admin_login
    session["user_name"] = name
  File "C:\Users\Moxir_Coder\AppData\Local\Programs\Python\Python311\Lib\site-packages\flask\templating.py", line 150, in render_template
    return _render(app, template, context)
           ^^^^^^^^^^^^^^^^^^^^^^^^^^^^^^^
  File "C:\Users\Moxir_Coder\AppData\Local\Programs\Python\Python311\Lib\site-packages\flask\templating.py", line 131, in _render
    rv = template.render(context)
         ^^^^^^^^^^^^^^^^^^^^^^^^
  File "C:\Users\Moxir_Coder\AppData\Local\Programs\Python\Python311\Lib\site-packages\jinja2\environment.py", line 1295, in render
    self.environment.handle_exception()
  File "C:\Users\Moxir_Coder\AppData\Local\Programs\Python\Python311\Lib\site-packages\jinja2\environment.py", line 942, in handle_exception
    raise rewrite_traceback_stack(source=source)
  File "c:\Users\Moxir_Coder\OneDrive\Desktop\Pro-Obuv1\templates\super_admin_login.html", line 1, in top-level template code
    {% extends "base.html" %} {% block title %}Super Admin Login{% endblock %} {%
    ^^^^^^^^^^^^^^^^^^^^^^^^^
  File "c:\Users\Moxir_Coder\OneDrive\Desktop\Pro-Obuv1\templates\base.html", line 1468, in top-level template code
    {% endif %} {% endwith %} {% block content %}{% endblock %}
    ^^^^^^^^^^^^^^^^^^^^^^^^^
  File "c:\Users\Moxir_Coder\OneDrive\Desktop\Pro-Obuv1\templates\super_admin_login.html", line 36, in block 'content'
    <a href="{{ url_for('super_admin_forgot') }}" class="btn btn-link"
    ^^^^^^^^^^^^^^^^^^^^^^^^^
  File "C:\Users\Moxir_Coder\AppData\Local\Programs\Python\Python311\Lib\site-packages\flask\app.py", line 1121, in url_for
    return self.handle_url_build_error(error, endpoint, values)
           ^^^^^^^^^^^^^^^^^^^^^^^^^^^^^^^^^^^^^^^^^^^^^^^^^^^^
  File "C:\Users\Moxir_Coder\AppData\Local\Programs\Python\Python311\Lib\site-packages\flask\app.py", line 1110, in url_for
    rv = url_adapter.build(  # type: ignore[union-attr]
         ^^^^^^^^^^^^^^^^^^^^^^^^^^^^^^^^^^^^^^^^^^^^^^
  File "C:\Users\Moxir_Coder\AppData\Local\Programs\Python\Python311\Lib\site-packages\werkzeug\routing\map.py", line 924, in build
    raise BuildError(endpoint, values, method, self)
werkzeug.routing.exceptions.BuildError: Could not build url for endpoint 'super_admin_forgot'. Did you mean 'super_admin_logout' instead?

2025-10-26 12:50:26,749 | ERROR | restaurant_app | handle_exception:1602 | Unhandled exception: Could not build url for endpoint 'super_admin_forgot'. Did you mean 'super_admin_logout' instead? - URL: http://localhost:5000/super-admin-master-login-z9x4m
2025-10-26 12:50:27,115 | ERROR | restaurant_app | handle_exception:1604 | Full traceback:
Traceback (most recent call last):
  File "C:\Users\Moxir_Coder\AppData\Local\Programs\Python\Python311\Lib\site-packages\flask\app.py", line 917, in full_dispatch_request
    rv = self.dispatch_request()
         ^^^^^^^^^^^^^^^^^^^^^^^
  File "C:\Users\Moxir_Coder\AppData\Local\Programs\Python\Python311\Lib\site-packages\flask\app.py", line 902, in dispatch_request
    return self.ensure_sync(self.view_functions[rule.endpoint])(**view_args)  # type: ignore[no-any-return]
           ^^^^^^^^^^^^^^^^^^^^^^^^^^^^^^^^^^^^^^^^^^^^^^^^^^^^^^^^^^^^^^^^^
  File "c:\Users\Moxir_Coder\OneDrive\Desktop\Pro-Obuv1\app.py", line 13226, in super_admin_login
    session["user_name"] = name
  File "C:\Users\Moxir_Coder\AppData\Local\Programs\Python\Python311\Lib\site-packages\flask\templating.py", line 150, in render_template
    return _render(app, template, context)
           ^^^^^^^^^^^^^^^^^^^^^^^^^^^^^^^
  File "C:\Users\Moxir_Coder\AppData\Local\Programs\Python\Python311\Lib\site-packages\flask\templating.py", line 131, in _render
    rv = template.render(context)
         ^^^^^^^^^^^^^^^^^^^^^^^^
  File "C:\Users\Moxir_Coder\AppData\Local\Programs\Python\Python311\Lib\site-packages\jinja2\environment.py", line 1295, in render
    self.environment.handle_exception()
  File "C:\Users\Moxir_Coder\AppData\Local\Programs\Python\Python311\Lib\site-packages\jinja2\environment.py", line 942, in handle_exception
    raise rewrite_traceback_stack(source=source)
  File "c:\Users\Moxir_Coder\OneDrive\Desktop\Pro-Obuv1\templates\super_admin_login.html", line 1, in top-level template code
    {% extends "base.html" %} {% block title %}Super Admin Login{% endblock %} {%
    ^^^^^^^^^^^^^^^^^^^^^^^^^
  File "c:\Users\Moxir_Coder\OneDrive\Desktop\Pro-Obuv1\templates\base.html", line 1468, in top-level template code
    {% endif %} {% endwith %} {% block content %}{% endblock %}
    ^^^^^^^^^^^^^^^^^^^^^^^^^
  File "c:\Users\Moxir_Coder\OneDrive\Desktop\Pro-Obuv1\templates\super_admin_login.html", line 36, in block 'content'
    <a href="{{ url_for('super_admin_forgot') }}" class="btn btn-link"
    ^^^^^^^^^^^^^^^^^^^^^^^^^
  File "C:\Users\Moxir_Coder\AppData\Local\Programs\Python\Python311\Lib\site-packages\flask\app.py", line 1121, in url_for
    return self.handle_url_build_error(error, endpoint, values)
           ^^^^^^^^^^^^^^^^^^^^^^^^^^^^^^^^^^^^^^^^^^^^^^^^^^^^
  File "C:\Users\Moxir_Coder\AppData\Local\Programs\Python\Python311\Lib\site-packages\flask\app.py", line 1110, in url_for
    rv = url_adapter.build(  # type: ignore[union-attr]
         ^^^^^^^^^^^^^^^^^^^^^^^^^^^^^^^^^^^^^^^^^^^^^^
  File "C:\Users\Moxir_Coder\AppData\Local\Programs\Python\Python311\Lib\site-packages\werkzeug\routing\map.py", line 924, in build
    raise BuildError(endpoint, values, method, self)
werkzeug.routing.exceptions.BuildError: Could not build url for endpoint 'super_admin_forgot'. Did you mean 'super_admin_logout' instead?

2025-10-26 12:50:27,532 | ERROR | restaurant_app | handle_exception:1602 | Unhandled exception: Could not build url for endpoint 'super_admin_forgot'. Did you mean 'super_admin_logout' instead? - URL: http://localhost:5000/super-admin-master-login-z9x4m
2025-10-26 12:50:27,535 | ERROR | restaurant_app | handle_exception:1604 | Full traceback:
Traceback (most recent call last):
  File "C:\Users\Moxir_Coder\AppData\Local\Programs\Python\Python311\Lib\site-packages\flask\app.py", line 917, in full_dispatch_request
    rv = self.dispatch_request()
         ^^^^^^^^^^^^^^^^^^^^^^^
  File "C:\Users\Moxir_Coder\AppData\Local\Programs\Python\Python311\Lib\site-packages\flask\app.py", line 902, in dispatch_request
    return self.ensure_sync(self.view_functions[rule.endpoint])(**view_args)  # type: ignore[no-any-return]
           ^^^^^^^^^^^^^^^^^^^^^^^^^^^^^^^^^^^^^^^^^^^^^^^^^^^^^^^^^^^^^^^^^
  File "c:\Users\Moxir_Coder\OneDrive\Desktop\Pro-Obuv1\app.py", line 13226, in super_admin_login
    session["user_name"] = name
  File "C:\Users\Moxir_Coder\AppData\Local\Programs\Python\Python311\Lib\site-packages\flask\templating.py", line 150, in render_template
    return _render(app, template, context)
           ^^^^^^^^^^^^^^^^^^^^^^^^^^^^^^^
  File "C:\Users\Moxir_Coder\AppData\Local\Programs\Python\Python311\Lib\site-packages\flask\templating.py", line 131, in _render
    rv = template.render(context)
         ^^^^^^^^^^^^^^^^^^^^^^^^
  File "C:\Users\Moxir_Coder\AppData\Local\Programs\Python\Python311\Lib\site-packages\jinja2\environment.py", line 1295, in render
    self.environment.handle_exception()
  File "C:\Users\Moxir_Coder\AppData\Local\Programs\Python\Python311\Lib\site-packages\jinja2\environment.py", line 942, in handle_exception
    raise rewrite_traceback_stack(source=source)
  File "c:\Users\Moxir_Coder\OneDrive\Desktop\Pro-Obuv1\templates\super_admin_login.html", line 1, in top-level template code
    {% extends "base.html" %} {% block title %}Super Admin Login{% endblock %} {%
    ^^^^^^^^^^^^^^^^^^^^^^^^^
  File "c:\Users\Moxir_Coder\OneDrive\Desktop\Pro-Obuv1\templates\base.html", line 1468, in top-level template code
    {% endif %} {% endwith %} {% block content %}{% endblock %}
    ^^^^^^^^^^^^^^^^^^^^^^^^^
  File "c:\Users\Moxir_Coder\OneDrive\Desktop\Pro-Obuv1\templates\super_admin_login.html", line 36, in block 'content'
    <a href="{{ url_for('super_admin_forgot') }}" class="btn btn-link"
    ^^^^^^^^^^^^^^^^^^^^^^^^^
  File "C:\Users\Moxir_Coder\AppData\Local\Programs\Python\Python311\Lib\site-packages\flask\app.py", line 1121, in url_for
    return self.handle_url_build_error(error, endpoint, values)
           ^^^^^^^^^^^^^^^^^^^^^^^^^^^^^^^^^^^^^^^^^^^^^^^^^^^^
  File "C:\Users\Moxir_Coder\AppData\Local\Programs\Python\Python311\Lib\site-packages\flask\app.py", line 1110, in url_for
    rv = url_adapter.build(  # type: ignore[union-attr]
         ^^^^^^^^^^^^^^^^^^^^^^^^^^^^^^^^^^^^^^^^^^^^^^
  File "C:\Users\Moxir_Coder\AppData\Local\Programs\Python\Python311\Lib\site-packages\werkzeug\routing\map.py", line 924, in build
    raise BuildError(endpoint, values, method, self)
werkzeug.routing.exceptions.BuildError: Could not build url for endpoint 'super_admin_forgot'. Did you mean 'super_admin_logout' instead?

2025-10-26 12:50:34,863 | ERROR | restaurant_app | handle_exception:1602 | Unhandled exception: Could not build url for endpoint 'super_admin_forgot'. Did you mean 'super_admin_logout' instead? - URL: http://localhost:5000/super-admin-master-login-z9x4m
2025-10-26 12:50:34,865 | ERROR | restaurant_app | handle_exception:1604 | Full traceback:
Traceback (most recent call last):
  File "C:\Users\Moxir_Coder\AppData\Local\Programs\Python\Python311\Lib\site-packages\flask\app.py", line 917, in full_dispatch_request
    rv = self.dispatch_request()
         ^^^^^^^^^^^^^^^^^^^^^^^
  File "C:\Users\Moxir_Coder\AppData\Local\Programs\Python\Python311\Lib\site-packages\flask\app.py", line 902, in dispatch_request
    return self.ensure_sync(self.view_functions[rule.endpoint])(**view_args)  # type: ignore[no-any-return]
           ^^^^^^^^^^^^^^^^^^^^^^^^^^^^^^^^^^^^^^^^^^^^^^^^^^^^^^^^^^^^^^^^^
  File "c:\Users\Moxir_Coder\OneDrive\Desktop\Pro-Obuv1\app.py", line 13226, in super_admin_login
    session["user_name"] = name
  File "C:\Users\Moxir_Coder\AppData\Local\Programs\Python\Python311\Lib\site-packages\flask\templating.py", line 150, in render_template
    return _render(app, template, context)
           ^^^^^^^^^^^^^^^^^^^^^^^^^^^^^^^
  File "C:\Users\Moxir_Coder\AppData\Local\Programs\Python\Python311\Lib\site-packages\flask\templating.py", line 131, in _render
    rv = template.render(context)
         ^^^^^^^^^^^^^^^^^^^^^^^^
  File "C:\Users\Moxir_Coder\AppData\Local\Programs\Python\Python311\Lib\site-packages\jinja2\environment.py", line 1295, in render
    self.environment.handle_exception()
  File "C:\Users\Moxir_Coder\AppData\Local\Programs\Python\Python311\Lib\site-packages\jinja2\environment.py", line 942, in handle_exception
    raise rewrite_traceback_stack(source=source)
  File "c:\Users\Moxir_Coder\OneDrive\Desktop\Pro-Obuv1\templates\super_admin_login.html", line 1, in top-level template code
    {% extends "base.html" %} {% block title %}Super Admin Login{% endblock %} {%
    ^^^^^^^^^^^^^^^^^^^^^^^^^
  File "c:\Users\Moxir_Coder\OneDrive\Desktop\Pro-Obuv1\templates\base.html", line 1468, in top-level template code
    {% endif %} {% endwith %} {% block content %}{% endblock %}
    ^^^^^^^^^^^^^^^^^^^^^^^^^
  File "c:\Users\Moxir_Coder\OneDrive\Desktop\Pro-Obuv1\templates\super_admin_login.html", line 36, in block 'content'
    <a href="{{ url_for('super_admin_forgot') }}" class="btn btn-link"
    ^^^^^^^^^^^^^^^^^^^^^^^^^
  File "C:\Users\Moxir_Coder\AppData\Local\Programs\Python\Python311\Lib\site-packages\flask\app.py", line 1121, in url_for
    return self.handle_url_build_error(error, endpoint, values)
           ^^^^^^^^^^^^^^^^^^^^^^^^^^^^^^^^^^^^^^^^^^^^^^^^^^^^
  File "C:\Users\Moxir_Coder\AppData\Local\Programs\Python\Python311\Lib\site-packages\flask\app.py", line 1110, in url_for
    rv = url_adapter.build(  # type: ignore[union-attr]
         ^^^^^^^^^^^^^^^^^^^^^^^^^^^^^^^^^^^^^^^^^^^^^^
  File "C:\Users\Moxir_Coder\AppData\Local\Programs\Python\Python311\Lib\site-packages\werkzeug\routing\map.py", line 924, in build
    raise BuildError(endpoint, values, method, self)
werkzeug.routing.exceptions.BuildError: Could not build url for endpoint 'super_admin_forgot'. Did you mean 'super_admin_logout' instead?

2025-10-26 17:21:43,998 | ERROR | restaurant_app | handle_exception:1602 | Unhandled exception: Could not build url for endpoint 'super_admin_forgot'. Did you mean 'super_admin_logout' instead? - URL: http://localhost:5000/super-admin-master-login-z9x4m
2025-10-26 17:21:44,082 | ERROR | restaurant_app | handle_exception:1604 | Full traceback:
Traceback (most recent call last):
  File "C:\Users\Moxir_Coder\AppData\Local\Programs\Python\Python311\Lib\site-packages\flask\app.py", line 917, in full_dispatch_request
    rv = self.dispatch_request()
         ^^^^^^^^^^^^^^^^^^^^^^^
  File "C:\Users\Moxir_Coder\AppData\Local\Programs\Python\Python311\Lib\site-packages\flask\app.py", line 902, in dispatch_request
    return self.ensure_sync(self.view_functions[rule.endpoint])(**view_args)  # type: ignore[no-any-return]
           ^^^^^^^^^^^^^^^^^^^^^^^^^^^^^^^^^^^^^^^^^^^^^^^^^^^^^^^^^^^^^^^^^
  File "c:\Users\Moxir_Coder\OneDrive\Desktop\Pro-Obuv1\app.py", line 13226, in super_admin_login
    session["user_name"] = name
  File "C:\Users\Moxir_Coder\AppData\Local\Programs\Python\Python311\Lib\site-packages\flask\templating.py", line 150, in render_template
    return _render(app, template, context)
           ^^^^^^^^^^^^^^^^^^^^^^^^^^^^^^^
  File "C:\Users\Moxir_Coder\AppData\Local\Programs\Python\Python311\Lib\site-packages\flask\templating.py", line 131, in _render
    rv = template.render(context)
         ^^^^^^^^^^^^^^^^^^^^^^^^
  File "C:\Users\Moxir_Coder\AppData\Local\Programs\Python\Python311\Lib\site-packages\jinja2\environment.py", line 1295, in render
    self.environment.handle_exception()
  File "C:\Users\Moxir_Coder\AppData\Local\Programs\Python\Python311\Lib\site-packages\jinja2\environment.py", line 942, in handle_exception
    raise rewrite_traceback_stack(source=source)
  File "c:\Users\Moxir_Coder\OneDrive\Desktop\Pro-Obuv1\templates\super_admin_login.html", line 1, in top-level template code
    {% extends "base.html" %} {% block title %}Super Admin Login{% endblock %} {%
    ^^^^^^^^^^^^^^^^^^^^^^^^^
  File "c:\Users\Moxir_Coder\OneDrive\Desktop\Pro-Obuv1\templates\base.html", line 1468, in top-level template code
    {% endif %} {% endwith %} {% block content %}{% endblock %}
    ^^^^^^^^^^^^^^^^^^^^^^^^^
  File "c:\Users\Moxir_Coder\OneDrive\Desktop\Pro-Obuv1\templates\super_admin_login.html", line 36, in block 'content'
    <button type="submit" class="btn btn-primary btn-full">Kirish</button>
    ^^^^^^^^^^^^^^^^^^^^^^^^^
  File "C:\Users\Moxir_Coder\AppData\Local\Programs\Python\Python311\Lib\site-packages\flask\app.py", line 1121, in url_for
    return self.handle_url_build_error(error, endpoint, values)
           ^^^^^^^^^^^^^^^^^^^^^^^^^^^^^^^^^^^^^^^^^^^^^^^^^^^^
  File "C:\Users\Moxir_Coder\AppData\Local\Programs\Python\Python311\Lib\site-packages\flask\app.py", line 1110, in url_for
    rv = url_adapter.build(  # type: ignore[union-attr]
         ^^^^^^^^^^^^^^^^^^^^^^^^^^^^^^^^^^^^^^^^^^^^^^
  File "C:\Users\Moxir_Coder\AppData\Local\Programs\Python\Python311\Lib\site-packages\werkzeug\routing\map.py", line 924, in build
    raise BuildError(endpoint, values, method, self)
werkzeug.routing.exceptions.BuildError: Could not build url for endpoint 'super_admin_forgot'. Did you mean 'super_admin_logout' instead?

2025-10-26 21:18:28,990 | ERROR | restaurant_app | execute_query:2477 | Database operational error: table chat_messages has no column named source
2025-10-26 21:18:28,991 | ERROR | restaurant_app | execute_query:2477 | Database operational error: table chat_messages has no column named source
2025-10-26 21:18:39,560 | ERROR | restaurant_app | execute_query:2477 | Database operational error: table chat_messages has no column named source
2025-10-26 21:18:39,561 | ERROR | restaurant_app | execute_query:2477 | Database operational error: table chat_messages has no column named source
2025-10-26 21:37:51,055 | ERROR | restaurant_app | get_connection:2034 | Database pool error: FOREIGN KEY constraint failed
2025-10-26 21:37:51,556 | ERROR | restaurant_app | get_connection:2034 | Database pool error: FOREIGN KEY constraint failed
2025-10-26 21:37:52,059 | ERROR | restaurant_app | get_connection:2034 | Database pool error: FOREIGN KEY constraint failed
2025-10-26 21:37:52,060 | ERROR | restaurant_app | execute_query:2488 | execute_query error after 3 attempts: FOREIGN KEY constraint failed - Query: DELETE FROM branches WHERE id = ?...
2025-10-26 21:37:52,060 | ERROR | restaurant_app | super_admin_delete_branch:13877 | Super admin delete branch error: FOREIGN KEY constraint failed
2025-10-26 21:41:32,968 | ERROR | restaurant_app | get_connection:2034 | Database pool error: FOREIGN KEY constraint failed
2025-10-26 21:41:33,470 | ERROR | restaurant_app | get_connection:2034 | Database pool error: FOREIGN KEY constraint failed
2025-10-26 21:41:33,973 | ERROR | restaurant_app | get_connection:2034 | Database pool error: FOREIGN KEY constraint failed
2025-10-26 21:41:33,973 | ERROR | restaurant_app | execute_query:2488 | execute_query error after 3 attempts: FOREIGN KEY constraint failed - Query: DELETE FROM branches WHERE id = ?...
2025-10-26 21:41:33,974 | ERROR | restaurant_app | super_admin_delete_branch:13877 | Super admin delete branch error: FOREIGN KEY constraint failed
